Component: ARM Compiler 6.15 Tool: armlink [5dd79300]

==============================================================================

Section Cross References

    startup_stm32f407xx.o(STACK) refers (Special) to heapauxi.o(.text) for __use_two_region_memory
    startup_stm32f407xx.o(HEAP) refers (Special) to heapauxi.o(.text) for __use_two_region_memory
    startup_stm32f407xx.o(RESET) refers (Special) to heapauxi.o(.text) for __use_two_region_memory
    startup_stm32f407xx.o(RESET) refers to startup_stm32f407xx.o(STACK) for __initial_sp
    startup_stm32f407xx.o(RESET) refers to startup_stm32f407xx.o(.text) for Reset_Handler
    startup_stm32f407xx.o(RESET) refers to stm32f4xx_it.o(.text.NMI_Handler) for NMI_Handler
    startup_stm32f407xx.o(RESET) refers to stm32f4xx_it.o(.text.HardFault_Handler) for HardFault_Handler
    startup_stm32f407xx.o(RESET) refers to stm32f4xx_it.o(.text.MemManage_Handler) for MemManage_Handler
    startup_stm32f407xx.o(RESET) refers to stm32f4xx_it.o(.text.BusFault_Handler) for BusFault_Handler
    startup_stm32f407xx.o(RESET) refers to stm32f4xx_it.o(.text.UsageFault_Handler) for UsageFault_Handler
    startup_stm32f407xx.o(RESET) refers to port.o(.text.SVC_Handler) for SVC_Handler
    startup_stm32f407xx.o(RESET) refers to stm32f4xx_it.o(.text.DebugMon_Handler) for DebugMon_Handler
    startup_stm32f407xx.o(RESET) refers to port.o(.text.PendSV_Handler) for PendSV_Handler
    startup_stm32f407xx.o(RESET) refers to port.o(.text.SysTick_Handler) for SysTick_Handler
    startup_stm32f407xx.o(RESET) refers to stm32f4xx_it.o(.text.EXTI4_IRQHandler) for EXTI4_IRQHandler
    startup_stm32f407xx.o(RESET) refers to stm32f4xx_it.o(.text.DMA1_Stream1_IRQHandler) for DMA1_Stream1_IRQHandler
    startup_stm32f407xx.o(RESET) refers to stm32f4xx_it.o(.text.CAN1_RX0_IRQHandler) for CAN1_RX0_IRQHandler
    startup_stm32f407xx.o(RESET) refers to stm32f4xx_it.o(.text.EXTI9_5_IRQHandler) for EXTI9_5_IRQHandler
    startup_stm32f407xx.o(RESET) refers to interruptservice.o(.text.TIM3_IRQHandler) for TIM3_IRQHandler
    startup_stm32f407xx.o(RESET) refers to interruptservice.o(.text.TIM4_IRQHandler) for TIM4_IRQHandler
    startup_stm32f407xx.o(RESET) refers to stm32f4xx_it.o(.text.USART1_IRQHandler) for USART1_IRQHandler
    startup_stm32f407xx.o(RESET) refers to remote.o(.text.USART3_IRQHandler) for USART3_IRQHandler
    startup_stm32f407xx.o(RESET) refers to interruptservice.o(.text.TIM5_IRQHandler) for TIM5_IRQHandler
    startup_stm32f407xx.o(RESET) refers to interruptservice.o(.text.TIM6_DAC_IRQHandler) for TIM6_DAC_IRQHandler
    startup_stm32f407xx.o(RESET) refers to stm32f4xx_it.o(.text.TIM7_IRQHandler) for TIM7_IRQHandler
    startup_stm32f407xx.o(RESET) refers to attitudethread.o(.text.DMA2_Stream0_IRQHandler) for DMA2_Stream0_IRQHandler
    startup_stm32f407xx.o(RESET) refers to stm32f4xx_it.o(.text.DMA2_Stream1_IRQHandler) for DMA2_Stream1_IRQHandler
    startup_stm32f407xx.o(RESET) refers to stm32f4xx_it.o(.text.DMA2_Stream2_IRQHandler) for DMA2_Stream2_IRQHandler
    startup_stm32f407xx.o(RESET) refers to stm32f4xx_it.o(.text.DMA2_Stream3_IRQHandler) for DMA2_Stream3_IRQHandler
    startup_stm32f407xx.o(RESET) refers to stm32f4xx_it.o(.text.CAN2_RX0_IRQHandler) for CAN2_RX0_IRQHandler
    startup_stm32f407xx.o(RESET) refers to stm32f4xx_it.o(.text.DMA2_Stream6_IRQHandler) for DMA2_Stream6_IRQHandler
    startup_stm32f407xx.o(RESET) refers to stm32f4xx_it.o(.text.DMA2_Stream7_IRQHandler) for DMA2_Stream7_IRQHandler
    startup_stm32f407xx.o(RESET) refers to refereethread.o(.text.USART6_IRQHandler) for USART6_IRQHandler
    startup_stm32f407xx.o(.text) refers (Special) to heapauxi.o(.text) for __use_two_region_memory
    startup_stm32f407xx.o(.text) refers to system_stm32f4xx.o(.text.SystemInit) for SystemInit
    startup_stm32f407xx.o(.text) refers to __main.o(!!!main) for __main
    startup_stm32f407xx.o(.text) refers to startup_stm32f407xx.o(HEAP) for Heap_Mem
    startup_stm32f407xx.o(.text) refers to startup_stm32f407xx.o(STACK) for Stack_Mem
    main.o(.text.main) refers to stm32f4xx_hal.o(.text.HAL_Init) for HAL_Init
    main.o(.text.main) refers to main.o(.text.SystemClock_Config) for SystemClock_Config
    main.o(.text.main) refers to gpio.o(.text.MX_GPIO_Init) for MX_GPIO_Init
    main.o(.text.main) refers to dma.o(.text.MX_DMA_Init) for MX_DMA_Init
    main.o(.text.main) refers to can.o(.text.MX_CAN1_Init) for MX_CAN1_Init
    main.o(.text.main) refers to spi.o(.text.MX_SPI1_Init) for MX_SPI1_Init
    main.o(.text.main) refers to tim.o(.text.MX_TIM5_Init) for MX_TIM5_Init
    main.o(.text.main) refers to tim.o(.text.MX_TIM10_Init) for MX_TIM10_Init
    main.o(.text.main) refers to can.o(.text.MX_CAN2_Init) for MX_CAN2_Init
    main.o(.text.main) refers to usart.o(.text.MX_USART1_UART_Init) for MX_USART1_UART_Init
    main.o(.text.main) refers to usart.o(.text.MX_USART3_UART_Init) for MX_USART3_UART_Init
[...]
    position_pid_left                        0x20001384   Data          72  calculatethread.o(.bss.position_pid_left)
    position_pid_left_fast                   0x200013cc   Data          72  calculatethread.o(.bss.position_pid_left_fast)
    position_pid_right                       0x20001414   Data          72  calculatethread.o(.bss.position_pid_right)
    position_pid_right_fast                  0x2000145c   Data          72  calculatethread.o(.bss.position_pid_right_fast)
    position_slider1_pid                     0x200014a4   Data          72  calculatethread.o(.bss.position_slider1_pid)
    position_slider2_pid                     0x200014ec   Data          72  calculatethread.o(.bss.position_slider2_pid)
    power_heat_data_t                        0x20001534   Data          16  refereebehaviour.o(.bss.power_heat_data_t)
    pxCurrentTCB                             0x20001544   Data           4  tasks.o(.bss.pxCurrentTCB)
    rc_ctrl                                  0x200015e0   Data          22  remote.o(.bss.rc_ctrl)
    referee_fifo                             0x200015f8   Data          24  refereethread.o(.bss.referee_fifo)
    referee_fifo_buf                         0x20001610   Data        1024  refereethread.o(.bss.referee_fifo_buf)
    referee_receive_header                   0x20001a10   Data           5  refereebehaviour.o(.bss.referee_receive_header)
    referee_send_header                      0x20001a15   Data           5  refereebehaviour.o(.bss.referee_send_header)
    referee_unpack_obj                       0x20001a1a   Data         137  refereethread.o(.bss.referee_unpack_obj)
    referee_warning_t                        0x20001aa3   Data           2  refereebehaviour.o(.bss.referee_warning_t)
    rfid_status_t                            0x20001aa8   Data           4  refereebehaviour.o(.bss.rfid_status_t)
    right_flag                               0x20001aac   Data           4  interruptservice.o(.bss.right_flag)
    right_foot_position                      0x20001ab0   Data           4  calculatethread.o(.bss.right_foot_position)
    right_foot_speed                         0x20001ab4   Data           4  calculatethread.o(.bss.right_foot_speed)
    right_slider_foot_current                0x20001ab8   Data           4  calculatethread.o(.bss.right_slider_foot_current)
    right_slider_foot_speed                  0x20001abc   Data           4  calculatethread.o(.bss.right_slider_foot_speed)
    robot_energy_t                           0x20001ac0   Data           1  refereebehaviour.o(.bss.robot_energy_t)
    robot_hurt_t                             0x20001ac1   Data           1  refereebehaviour.o(.bss.robot_hurt_t)
    robot_information                        0x20001ac2   Data           6  refereebehaviour.o(.bss.robot_information)
    robot_state                              0x20001ac8   Data          29  refereebehaviour.o(.bss.robot_state)
    roting_speed                             0x20001ae8   Data           4  calculatethread.o(.bss.roting_speed)
    rx_data                                  0x20001aec   Data           8  interruptservice.o(.bss.rx_data)
    rx_header                                0x20001af4   Data          28  interruptservice.o(.bss.rx_header)
    shoot_data_t                             0x20001b58   Data           7  refereebehaviour.o(.bss.shoot_data_t)
    slider_foot_position                     0x20001b60   Data           4  calculatethread.o(.bss.slider_foot_position)
    slider_foot_position_left                0x20001b64   Data           4  calculatethread.o(.bss.slider_foot_position_left)
    slider_foot_position_right               0x20001b68   Data           4  calculatethread.o(.bss.slider_foot_position_right)
    slider_pid                               0x20001b6c   Data          72  calculatethread.o(.bss.slider_pid)
    slider_speed                             0x20001bb4   Data          72  calculatethread.o(.bss.slider_speed)
    sp                                       0x20001bfc   Data           4  calculatethread.o(.bss.sp)
    speed_folowing_pid                       0x20001c00   Data          72  calculatethread.o(.bss.speed_folowing_pid)
    speed_pid_left                           0x20001c48   Data          72  calculatethread.o(.bss.speed_pid_left)
    speed_pid_right                          0x20001c90   Data          72  calculatethread.o(.bss.speed_pid_right)
    speed_pitch_pid                          0x20001cd8   Data          72  calculatethread.o(.bss.speed_pitch_pid)
    speed_slider1_pid                        0x20001d20   Data          72  calculatethread.o(.bss.speed_slider1_pid)
    speed_slider2_pid                        0x20001d68   Data          72  calculatethread.o(.bss.speed_slider2_pid)
    student_interactive_data_t               0x20001db0   Data           6  refereebehaviour.o(.bss.student_interactive_data_t)
    supply_projectile_action_t               0x20001db6   Data           4  refereebehaviour.o(.bss.supply_projectile_action_t)
    supply_projectile_booking_t              0x20001dba   Data           3  refereebehaviour.o(.bss.supply_projectile_booking_t)
    t0                                       0x20001dc0   Data           8  interruptservice.o(.bss.t0)
    t1                                       0x20001dc8   Data           8  interruptservice.o(.bss.t1)
    tmax                                     0x20001dd0   Data           4  interruptservice.o(.bss.tmax)
    turn_filter                              0x20001dd4   Data          16  calculatethread.o(.bss.turn_filter)
    turn_paramater                           0x20001de4   Data           4  calculatethread.o(.bss.turn_paramater)
    turn_pid                                 0x20001de8   Data          72  calculatethread.o(.bss.turn_pid)
    twoKi                                    0x20001e30   Data           4  mahonyahrs.o(.bss.twoKi)
    usart6_buf                               0x20005a3c   Data        1024  refereethread.o(.bss.usart6_buf)
    uwTick                                   0x20005e3c   Data           4  stm32f4xx_hal.o(.bss.uwTick)
    wz_current                               0x20005e54   Data           4  calculatethread.o(.bss.wz_current)
    wz_current_left                          0x20005e58   Data           4  calculatethread.o(.bss.wz_current_left)
    wz_current_right                         0x20005e5c   Data           4  calculatethread.o(.bss.wz_current_right)
    wz_left                                  0x20005e60   Data           4  calculatethread.o(.bss.wz_left)
    wz_right                                 0x20005e64   Data           4  calculatethread.o(.bss.wz_right)
    x1                                       0x20005e68   Data          15  uithread.o(.bss.x1)
    x11                                      0x20005e77   Data          15  uithread.o(.bss.x11)
    x13                                      0x20005e86   Data          15  uithread.o(.bss.x13)
    x14                                      0x20005e95   Data          15  uithread.o(.bss.x14)
    x6                                       0x20005ea4   Data          15  uithread.o(.bss.x6)
    x_left                                   0x200061a4   Data           4  calculatethread.o(.bss.x_left)
    x_right                                  0x200061a8   Data           4  calculatethread.o(.bss.x_right)



==============================================================================

Memory Map of the image

  Image Entry point : 0x08000189

  Load Region LR_IROM1 (Base: 0x08000000, Size: 0x00017470, Max: 0x00100000, ABSOLUTE, COMPRESSED[0x000173f0])

    Execution Region ER_IROM1 (Exec base: 0x08000000, Load base: 0x08000000, Size: 0x00017324, Max: 0x00100000, ABSOLUTE)

    Exec Addr    Load Addr    Size         Type   Attr      Idx    E Section Name        Object

    0x08000000   0x08000000   0x00000188   Data   RO            3    RESET               startup_stm32f407xx.o
    0x08000188   0x08000188   0x00000008   Code   RO         2691  * !!!main             c_w.l(__main.o)
    0x08000190   0x08000190   0x00000034   Code   RO         2998    !!!scatter          c_w.l(__scatter.o)
    0x080001c4   0x080001c4   0x0000003a   Code   RO         2996    !!dczerorl          c_w.l(__dczerorl.o)
    0x080001fe   0x080001fe   0x00000002   PAD
    0x08000200   0x08000200   0x0000001c   Code   RO         3000    !!handler_zi        c_w.l(__scatter_zi.o)
    0x0800021c   0x0800021c   0x00000002   Code   RO         2931    .ARM.Collect$$libinit$$00000000  c_w.l(libinit.o)
    0x0800021e   0x0800021e   0x00000004   Code   RO         2769    .ARM.Collect$$libinit$$00000001  c_w.l(libinit2.o)
    0x08000222   0x08000222   0x00000000   Code   RO         2772    .ARM.Collect$$libinit$$00000004  c_w.l(libinit2.o)
    0x08000222   0x08000222   0x00000000   Code   RO         2775    .ARM.Collect$$libinit$$0000000A  c_w.l(libinit2.o)
    0x08000222   0x08000222   0x00000000   Code   RO         2777    .ARM.Collect$$libinit$$0000000C  c_w.l(libinit2.o)
    0x08000222   0x08000222   0x00000000   Code   RO         2779    .ARM.Collect$$libinit$$0000000E  c_w.l(libinit2.o)
    0x08000222   0x08000222   0x00000000   Code   RO         2782    .ARM.Collect$$libinit$$00000011  c_w.l(libinit2.o)
    0x08000222   0x08000222   0x00000000   Code   RO         2784    .ARM.Collect$$libinit$$00000013  c_w.l(libinit2.o)
    0x08000222   0x08000222   0x00000000   Code   RO         2786    .ARM.Collect$$libinit$$00000015  c_w.l(libinit2.o)
    0x08000222   0x08000222   0x00000000   Code   RO         2788    .ARM.Collect$$libinit$$00000017  c_w.l(libinit2.o)
    0x08000222   0x08000222   0x00000000   Code   RO         2790    .ARM.Collect$$libinit$$00000019  c_w.l(libinit2.o)
    0x08000222   0x08000222   0x00000000   Code   RO         2792    .ARM.Collect$$libinit$$0000001B  c_w.l(libinit2.o)
    0x08000222   0x08000222   0x00000000   Code   RO         2794    .ARM.Collect$$libinit$$0000001D  c_w.l(libinit2.o)
    0x08000222   0x08000222   0x00000000   Code   RO         2796    .ARM.Collect$$libinit$$0000001F  c_w.l(libinit2.o)
    0x08000222   0x08000222   0x00000000   Code   RO         2798    .ARM.Collect$$libinit$$00000021  c_w.l(libinit2.o)
    0x08000222   0x08000222   0x00000000   Code   RO         2800    .ARM.Collect$$libinit$$00000023  c_w.l(libinit2.o)
    0x08000222   0x08000222   0x00000000   Code   RO         2802    .ARM.Collect$$libinit$$00000025  c_w.l(libinit2.o)
    0x08000222   0x08000222   0x00000000   Code   RO         2806    .ARM.Collect$$libinit$$0000002C  c_w.l(libinit2.o)
    0x08000222   0x08000222   0x00000000   Code   RO         2808    .ARM.Collect$$libinit$$0000002E  c_w.l(libinit2.o)
    0x08000222   0x08000222   0x00000000   Code   RO         2810    .ARM.Collect$$libinit$$00000030  c_w.l(libinit2.o)
    0x08000222   0x08000222   0x00000000   Code   RO         2812    .ARM.Collect$$libinit$$00000032  c_w.l(libinit2.o)
    0x08000222   0x08000222   0x00000002   Code   RO         2813    .ARM.Collect$$libinit$$00000033  c_w.l(libinit2.o)
    0x08000224   0x08000224   0x00000002   Code   RO         2993    .ARM.Collect$$libshutdown$$00000000  c_w.l(libshutdown.o)
    0x08000226   0x08000226   0x00000000   Code   RO         2949    .ARM.Collect$$libshutdown$$00000002  c_w.l(libshutdown2.o)
    0x08000226   0x08000226   0x00000000   Code   RO         2951    .ARM.Collect$$libshutdown$$00000004  c_w.l(libshutdown2.o)
    0x08000226   0x08000226   0x00000000   Code   RO         2954    .ARM.Collect$$libshutdown$$00000007  c_w.l(libshutdown2.o)
    0x08000226   0x08000226   0x00000000   Code   RO         2957    .ARM.Collect$$libshutdown$$0000000A  c_w.l(libshutdown2.o)
    0x08000226   0x08000226   0x00000000   Code   RO         2959    .ARM.Collect$$libshutdown$$0000000C  c_w.l(libshutdown2.o)
    0x08000226   0x08000226   0x00000000   Code   RO         2962    .ARM.Collect$$libshutdown$$0000000F  c_w.l(libshutdown2.o)
    0x08000226   0x08000226   0x00000002   Code   RO         2963    .ARM.Collect$$libshutdown$$00000010  c_w.l(libshutdown2.o)
    0x08000228   0x08000228   0x00000000   Code   RO         2735    .ARM.Collect$$rtentry$$00000000  c_w.l(__rtentry.o)
    0x08000228   0x08000228   0x00000000   Code   RO         2861    .ARM.Collect$$rtentry$$00000002  c_w.l(__rtentry2.o)
    0x08000228   0x08000228   0x00000006   Code   RO         2873    .ARM.Collect$$rtentry$$00000004  c_w.l(__rtentry4.o)
    0x0800022e   0x0800022e   0x00000000   Code   RO         2863    .ARM.Collect$$rtentry$$00000009  c_w.l(__rtentry2.o)
    0x0800022e   0x0800022e   0x00000004   Code   RO         2864    .ARM.Collect$$rtentry$$0000000A  c_w.l(__rtentry2.o)
    0x08000232   0x08000232   0x00000000   Code   RO         2866    .ARM.Collect$$rtentry$$0000000C  c_w.l(__rtentry2.o)
    0x08000232   0x08000232   0x00000008   Code   RO         2867    .ARM.Collect$$rtentry$$0000000D  c_w.l(__rtentry2.o)
    0x0800023a   0x0800023a   0x00000002   Code   RO         2936    .ARM.Collect$$rtexit$$00000000  c_w.l(rtexit.o)
    0x0800023c   0x0800023c   0x00000000   Code   RO         2969    .ARM.Collect$$rtexit$$00000002  c_w.l(rtexit2.o)
    0x0800023c   0x0800023c   0x00000004   Code   RO         2970    .ARM.Collect$$rtexit$$00000003  c_w.l(rtexit2.o)
    0x08000240   0x08000240   0x00000006   Code   RO         2971    .ARM.Collect$$rtexit$$00000004  c_w.l(rtexit2.o)
    0x08000246   0x08000246   0x00000002   PAD
    0x08000248   0x08000248   0x00000040   Code   RO            4    .text               startup_stm32f407xx.o
    0x08000288   0x08000288   0x000000f0   Code   RO         2679    .text               c_w.l(lludivv7m.o)
    0x08000378   0x08000378   0x0000008a   Code   RO         2681    .text               c_w.l(rt_memcpy_v6.o)
    0x08000402   0x08000402   0x00000044   Code   RO         2685    .text               c_w.l(rt_memclr.o)
    0x08000446   0x08000446   0x0000004e   Code   RO         2687    .text               c_w.l(rt_memclr_w.o)
    0x08000494   0x08000494   0x00000006   Code   RO         2689    .text               c_w.l(heapauxi.o)
    0x0800049a   0x0800049a   0x00000016   Code   RO         2763    .text               c_w.l(_rserrno.o)
    0x080004b0   0x080004b0   0x00000064   Code   RO         2765    .text               c_w.l(rt_memcpy_w.o)
    0x08000514   0x08000514   0x00000008   Code   RO         2857    .text               c_w.l(libspace.o)
    0x0800051c   0x0800051c   0x00000008   Code   RO         2880    .text               c_w.l(rt_errno_addr_intlibspace.o)
    0x08000524   0x08000524   0x00000002   Code   RO         2903    .text               c_w.l(use_no_semi.o)
    0x08000526   0x08000526   0x00000000   Code   RO         2905    .text               c_w.l(indicate_semi.o)
    0x08000526   0x08000526   0x0000004a   Code   RO         2906    .text               c_w.l(sys_stackheap_outer.o)
    0x08000570   0x08000570   0x00000012   Code   RO         2912    .text               c_w.l(exit.o)
    0x08000582   0x08000582   0x00000002   PAD
    0x08000584   0x08000584   0x0000000c   Code   RO         2932    .text               c_w.l(sys_exit.o)
    0x08000590   0x08000590   0x00000020   Code   RO         1899    .text.AHRS_init     attitudethread.o
    0x080005b0   0x080005b0   0x00000068   Code   RO         1901    .text.AHRS_update   attitudethread.o
    0x08000618   0x08000618   0x000000fc   Code   RO         1897    .text.AttitudeThread  attitudethread.o
    0x08000714   0x08000714   0x00000012   Code   RO         2240    .text.BMI088_ACCEL_NS_H  bmi088middleware.o
    0x08000726   0x08000726   0x00000002   PAD
    0x08000728   0x08000728   0x00000012   Code   RO         2238    .text.BMI088_ACCEL_NS_L  bmi088middleware.o
    0x0800073a   0x0800073a   0x00000002   PAD
    0x0800073c   0x0800073c   0x00000002   Code   RO         2230    .text.BMI088_GPIO_init  bmi088middleware.o
    0x0800073e   0x0800073e   0x00000002   PAD
    0x08000740   0x08000740   0x0000001a   Code   RO         2244    .text.BMI088_GYRO_NS_H  bmi088middleware.o
    0x0800075a   0x0800075a   0x00000002   PAD
    0x0800075c   0x0800075c   0x00000014   Code   RO         2242    .text.BMI088_GYRO_NS_L  bmi088middleware.o
    0x08000770   0x08000770   0x000000b8   Code   RO         2204    .text.BMI088_accel_read_over  bmi088driver.o
    0x08000828   0x08000828   0x00000002   Code   RO         2232    .text.BMI088_com_init  bmi088middleware.o
    0x0800082a   0x0800082a   0x00000002   PAD
    0x0800082c   0x0800082c   0x00000018   Code   RO         2234    .text.BMI088_delay_ms  bmi088middleware.o
    0x08000844   0x08000844   0x00000018   Code   RO         2236    .text.BMI088_delay_us  bmi088middleware.o
    0x0800085c   0x0800085c   0x000000ec   Code   RO         2206    .text.BMI088_gyro_read_over  bmi088driver.o
    0x08000948   0x08000948   0x0000006a   Code   RO         2182    .text.BMI088_init   bmi088driver.o
    0x080009b2   0x080009b2   0x00000002   PAD
    0x080009b4   0x080009b4   0x000001d0   Code   RO         2208    .text.BMI088_read   bmi088driver.o
    0x08000b84   0x08000b84   0x00000050   Code   RO         2196    .text.BMI088_read_muli_reg  bmi088driver.o
    0x08000bd4   0x08000bd4   0x0000002c   Code   RO         2194    .text.BMI088_read_single_reg  bmi088driver.o
    0x08000c00   0x08000c00   0x0000003e   Code   RO         2246    .text.BMI088_read_write_byte  bmi088middleware.o
    0x08000c3e   0x08000c3e   0x00000002   PAD
    0x08000c40   0x08000c40   0x00000056   Code   RO         2202    .text.BMI088_temperature_read_over  bmi088driver.o
    0x08000c96   0x08000c96   0x00000002   PAD
    0x08000c98   0x08000c98   0x0000002c   Code   RO         2192    .text.BMI088_write_single_reg  bmi088driver.o
    0x08000cc4   0x08000cc4   0x00000004   Code   RO          164    .text.BusFault_Handler  stm32f4xx_it.o
    0x08000cc8   0x08000cc8   0x00000010   Code   RO          174    .text.CAN1_RX0_IRQHandler  stm32f4xx_it.o
    0x08000cd8   0x08000cd8   0x00000010   Code   RO          188    .text.CAN2_RX0_IRQHandler  stm32f4xx_it.o
    0x08000ce8   0x08000ce8   0x000000f8   Code   RO         1984    .text.CalculateThread  calculatethread.o
    0x08000de0   0x08000de0   0x0000005a   Code   RO         2095    .text.CanSendTask   cansendthread.o
    0x08000e3a   0x08000e3a   0x00000002   PAD
    0x08000e3c   0x08000e3c   0x0000003a   Code   RO         2097    .text.Can_Send      cansendthread.o
    0x08000e76   0x08000e76   0x00000002   PAD
    0x08000e78   0x08000e78   0x000001dc   Code   RO         2356    .text.Char_Draw     client_ui.o
    0x08001054   0x08001054   0x000002da   Code   RO         2360    .text.Char_ReFresh  client_ui.o
    0x0800132e   0x0800132e   0x00000002   PAD
    0x08001330   0x08001330   0x0000108c   Code   RO         1996    .text.ChassisCommandUpdate  calculatethread.o
    0x080023bc   0x080023bc   0x00000300   Code   RO         1988    .text.ChassisInit   calculatethread.o
    0x080026bc   0x080026bc   0x000000a2   Code   RO         1990    .text.ChassisModeUpdate  calculatethread.o
    0x0800275e   0x0800275e   0x00000002   PAD
    0x08002760   0x08002760   0x00000090   Code   RO         2320    .text.Chassis_Control  feet_motor.o
    0x080027f0   0x080027f0   0x00000010   Code   RO          172    .text.DMA1_Stream1_IRQHandler  stm32f4xx_it.o
    0x08002800   0x08002800   0x000010de   Code   RO         1917    .text.DMA2_Stream0_IRQHandler  attitudethread.o
    0x080038de   0x080038de   0x00000002   PAD
    0x080038e0   0x080038e0   0x00000010   Code   RO          182    .text.DMA2_Stream1_IRQHandler  stm32f4xx_it.o
    0x080038f0   0x080038f0   0x00000010   Code   RO          184    .text.DMA2_Stream2_IRQHandler  stm32f4xx_it.o
    0x08003900   0x08003900   0x00000010   Code   RO          186    .text.DMA2_Stream3_IRQHandler  stm32f4xx_it.o
    0x08003910   0x08003910   0x00000010   Code   RO          190    .text.DMA2_Stream6_IRQHandler  stm32f4xx_it.o
    0x08003920   0x08003920   0x00000010   Code   RO          192    .text.DMA2_Stream7_IRQHandler  stm32f4xx_it.o
    0x08003930   0x08003930   0x00000056   Code   RO          480    .text.DMA_CalcBaseAndBitshift  stm32f4xx_hal_dma.o
    0x08003986   0x08003986   0x00000002   PAD
    0x08003988   0x08003988   0x000000f8   Code   RO          478    .text.DMA_CheckFifoParam  stm32f4xx_hal_dma.o
    0x08003a80   0x08003a80   0x00000002   Code   RO          168    .text.DebugMon_Handler  stm32f4xx_it.o
    0x08003a82   0x08003a82   0x00000002   PAD
    0x08003a84   0x08003a84   0x0000000a   Code   RO          170    .text.EXTI4_IRQHandler  stm32f4xx_it.o
    0x08003a8e   0x08003a8e   0x00000002   PAD
    0x08003a90   0x08003a90   0x0000000a   Code   RO          176    .text.EXTI9_5_IRQHandler  stm32f4xx_it.o
    0x08003a9a   0x08003a9a   0x00000002   PAD
    0x08003a9c   0x08003a9c   0x00000098   Code   RO         2378    .text.EnQueue       refereebehaviour.o
    0x08003b34   0x08003b34   0x0000000e   Code   RO           15    .text.Error_Handler  main.o
    0x08003b42   0x08003b42   0x00000006   PAD
    0x08003b48   0x08003b48   0x00000060   Code   RO         1994    .text.Fabs          calculatethread.o
    0x08003ba8   0x08003ba8   0x0000006c   Code   RO         2344    .text.Get_CRC16_Check_Sum_UI  client_ui.o
    0x08003c14   0x08003c14   0x00000048   Code   RO         2342    .text.Get_CRC8_Check_Sum_UI  client_ui.o
    0x08003c5c   0x08003c5c   0x00000078   Code   RO         1911    .text.GimbalEulerSystemMeasureUpdate  attitudethread.o
    0x08003cd4   0x08003cd4   0x00000052   Code   RO          257    .text.HAL_CAN_ActivateNotification  stm32f4xx_hal_can.o
    0x08003d26   0x08003d26   0x00000002   PAD
    0x08003d28   0x08003d28   0x00000176   Code   RO          243    .text.HAL_CAN_AddTxMessage  stm32f4xx_hal_can.o
    0x08003e9e   0x08003e9e   0x00000002   PAD
    0x08003ea0   0x08003ea0   0x000001b4   Code   RO          233    .text.HAL_CAN_ConfigFilter  stm32f4xx_hal_can.o
    0x08004054   0x08004054   0x00000008   Code   RO          287    .text.HAL_CAN_ErrorCallback  stm32f4xx_hal_can.o
    0x0800405c   0x0800405c   0x000001fa   Code   RO          253    .text.HAL_CAN_GetRxMessage  stm32f4xx_hal_can.o
    0x08004256   0x08004256   0x00000002   PAD
    0x08004258   0x08004258   0x00000404   Code   RO          261    .text.HAL_CAN_IRQHandler  stm32f4xx_hal_can.o
    0x0800465c   0x0800465c   0x000001e4   Code   RO          223    .text.HAL_CAN_Init  stm32f4xx_hal_can.o
    0x08004840   0x08004840   0x0000018a   Code   RO           61    .text.HAL_CAN_MspInit  can.o
    0x080049ca   0x080049ca   0x00000002   PAD
    0x080049cc   0x080049cc   0x00000008   Code   RO          275    .text.HAL_CAN_RxFifo0FullCallback  stm32f4xx_hal_can.o
    0x080049d4   0x080049d4   0x000002f4   Code   RO         1948    .text.HAL_CAN_RxFifo0MsgPendingCallback  interruptservice.o
    0x08004cc8   0x08004cc8   0x00000008   Code   RO          279    .text.HAL_CAN_RxFifo1FullCallback  stm32f4xx_hal_can.o
    0x08004cd0   0x08004cd0   0x00000008   Code   RO          281    .text.HAL_CAN_RxFifo1MsgPendingCallback  stm32f4xx_hal_can.o
    0x08004cd8   0x08004cd8   0x00000008   Code   RO          283    .text.HAL_CAN_SleepCallback  stm32f4xx_hal_can.o
    0x08004ce0   0x08004ce0   0x0000008c   Code   RO          235    .text.HAL_CAN_Start  stm32f4xx_hal_can.o
    0x08004d6c   0x08004d6c   0x00000008   Code   RO          265    .text.HAL_CAN_TxMailbox0AbortCallback  stm32f4xx_hal_can.o
    0x08004d74   0x08004d74   0x00000008   Code   RO          263    .text.HAL_CAN_TxMailbox0CompleteCallback  stm32f4xx_hal_can.o
    0x08004d7c   0x08004d7c   0x00000008   Code   RO          269    .text.HAL_CAN_TxMailbox1AbortCallback  stm32f4xx_hal_can.o
    0x08004d84   0x08004d84   0x00000008   Code   RO          267    .text.HAL_CAN_TxMailbox1CompleteCallback  stm32f4xx_hal_can.o
    0x08004d8c   0x08004d8c   0x00000008   Code   RO          273    .text.HAL_CAN_TxMailbox2AbortCallback  stm32f4xx_hal_can.o
    0x08004d94   0x08004d94   0x00000008   Code   RO          271    .text.HAL_CAN_TxMailbox2CompleteCallback  stm32f4xx_hal_can.o
    0x08004d9c   0x08004d9c   0x00000008   Code   RO          285    .text.HAL_CAN_WakeUpFromRxMsgCallback  stm32f4xx_hal_can.o
    0x08004da4   0x08004da4   0x000000f4   Code   RO          490    .text.HAL_DMA_Abort  stm32f4xx_hal_dma.o
    0x08004e98   0x08004e98   0x00000044   Code   RO          492    .text.HAL_DMA_Abort_IT  stm32f4xx_hal_dma.o
    0x08004edc   0x08004edc   0x00000344   Code   RO          496    .text.HAL_DMA_IRQHandler  stm32f4xx_hal_dma.o
    0x08005220   0x08005220   0x00000178   Code   RO          476    .text.HAL_DMA_Init  stm32f4xx_hal_dma.o
    0x08005398   0x08005398   0x00000044   Code   RO          665    .text.HAL_Delay     stm32f4xx_hal.o
    0x080053dc   0x080053dc   0x00000084   Code   RO         1913    .text.HAL_GPIO_EXTI_Callback  attitudethread.o
    0x08005460   0x08005460   0x0000003a   Code   RO          450    .text.HAL_GPIO_EXTI_IRQHandler  stm32f4xx_hal_gpio.o
    0x0800549a   0x0800549a   0x00000002   PAD
    0x0800549c   0x0800549c   0x000003c2   Code   RO          438    .text.HAL_GPIO_Init  stm32f4xx_hal_gpio.o
    0x0800585e   0x0800585e   0x00000002   PAD
    0x08005860   0x08005860   0x00000034   Code   RO          444    .text.HAL_GPIO_WritePin  stm32f4xx_hal_gpio.o
    0x08005894   0x08005894   0x0000000c   Code   RO          657    .text.HAL_GetTick   stm32f4xx_hal.o
    0x080058a0   0x080058a0   0x0000001a   Code   RO          655    .text.HAL_IncTick   stm32f4xx_hal.o
    0x080058ba   0x080058ba   0x00000002   PAD
    0x080058bc   0x080058bc   0x0000003c   Code   RO          645    .text.HAL_Init      stm32f4xx_hal.o
    0x080058f8   0x080058f8   0x000000fa   Code   RO          209    .text.HAL_InitTick  stm32f4xx_hal_timebase_tim.o
    0x080059f2   0x080059f2   0x00000002   PAD
    0x080059f4   0x080059f4   0x00000058   Code   RO          201    .text.HAL_MspInit   stm32f4xx_hal_msp.o
    0x08005a4c   0x08005a4c   0x00000018   Code   RO          586    .text.HAL_NVIC_EnableIRQ  stm32f4xx_hal_cortex.o
    0x08005a64   0x08005a64   0x00000040   Code   RO          578    .text.HAL_NVIC_SetPriority  stm32f4xx_hal_cortex.o
    0x08005aa4   0x08005aa4   0x00000010   Code   RO          574    .text.HAL_NVIC_SetPriorityGrouping  stm32f4xx_hal_cortex.o
    0x08005ab4   0x08005ab4   0x00000264   Code   RO          306    .text.HAL_RCC_ClockConfig  stm32f4xx_hal_rcc.o
    0x08005d18   0x08005d18   0x00000054   Code   RO          324    .text.HAL_RCC_GetClockConfig  stm32f4xx_hal_rcc.o
    0x08005d6c   0x08005d6c   0x0000000c   Code   RO          316    .text.HAL_RCC_GetHCLKFreq  stm32f4xx_hal_rcc.o
    0x08005d78   0x08005d78   0x00000022   Code   RO          318    .text.HAL_RCC_GetPCLK1Freq  stm32f4xx_hal_rcc.o
    0x08005d9a   0x08005d9a   0x00000002   PAD
    0x08005d9c   0x08005d9c   0x00000022   Code   RO          320    .text.HAL_RCC_GetPCLK2Freq  stm32f4xx_hal_rcc.o
    0x08005dbe   0x08005dbe   0x00000002   PAD
    0x08005dc0   0x08005dc0   0x000000e8   Code   RO          308    .text.HAL_RCC_GetSysClockFreq  stm32f4xx_hal_rcc.o
    0x08005ea8   0x08005ea8   0x000006ca   Code   RO          304    .text.HAL_RCC_OscConfig  stm32f4xx_hal_rcc.o
    0x08006572   0x08006572   0x00000002   PAD
    0x08006574   0x08006574   0x00000104   Code   RO          734    .text.HAL_SPI_Init  stm32f4xx_hal_spi.o
    0x08006678   0x08006678   0x00000194   Code   RO           85    .text.HAL_SPI_MspInit  spi.o
    0x0800680c   0x0800680c   0x0000038e   Code   RO          748    .text.HAL_SPI_TransmitReceive  stm32f4xx_hal_spi.o
    0x08006b9a   0x08006b9a   0x00000002   PAD
    0x08006b9c   0x08006b9c   0x00000008   Code   RO         1174    .text.HAL_TIMEx_BreakCallback  stm32f4xx_hal_tim_ex.o
    0x08006ba4   0x08006ba4   0x00000008   Code   RO         1170    .text.HAL_TIMEx_CommutCallback  stm32f4xx_hal_tim_ex.o
    0x08006bac   0x08006bac   0x000000b2   Code   RO         1166    .text.HAL_TIMEx_ConfigBreakDeadTime  stm32f4xx_hal_tim_ex.o
    0x08006c5e   0x08006c5e   0x00000002   PAD
    0x08006c60   0x08006c60   0x00000122   Code   RO         1164    .text.HAL_TIMEx_MasterConfigSynchronization  stm32f4xx_hal_tim_ex.o
    0x08006d82   0x08006d82   0x00000002   PAD
    0x08006d84   0x08006d84   0x000000a6   Code   RO          851    .text.HAL_TIM_Base_Init  stm32f4xx_hal_tim.o
    0x08006e2a   0x08006e2a   0x00000002   PAD
    0x08006e2c   0x08006e2c   0x000001d6   Code   RO          115    .text.HAL_TIM_Base_MspInit  tim.o
    0x08007002   0x08007002   0x00000002   PAD
    0x08007004   0x08007004   0x000000f6   Code   RO          865    .text.HAL_TIM_Base_Start_IT  stm32f4xx_hal_tim.o
    0x080070fa   0x080070fa   0x00000002   PAD
    0x080070fc   0x080070fc   0x000001a4   Code   RO         1043    .text.HAL_TIM_ConfigClockSource  stm32f4xx_hal_tim.o
    0x080072a0   0x080072a0   0x00000008   Code   RO          987    .text.HAL_TIM_IC_CaptureCallback  stm32f4xx_hal_tim.o
    0x080072a8   0x080072a8   0x00000282   Code   RO          985    .text.HAL_TIM_IRQHandler  stm32f4xx_hal_tim.o
    0x0800752a   0x0800752a   0x00000002   PAD
    0x0800752c   0x0800752c   0x0000016e   Code   RO          101    .text.HAL_TIM_MspPostInit  tim.o
    0x0800769a   0x0800769a   0x00000002   PAD
    0x0800769c   0x0800769c   0x00000008   Code   RO          989    .text.HAL_TIM_OC_DelayElapsedCallback  stm32f4xx_hal_tim.o
    0x080076a4   0x080076a4   0x00000142   Code   RO         1017    .text.HAL_TIM_PWM_ConfigChannel  stm32f4xx_hal_tim.o
    0x080077e6   0x080077e6   0x00000002   PAD
    0x080077e8   0x080077e8   0x000000a6   Code   RO          905    .text.HAL_TIM_PWM_Init  stm32f4xx_hal_tim.o
    0x0800788e   0x0800788e   0x00000002   PAD
    0x08007890   0x08007890   0x00000008   Code   RO          907    .text.HAL_TIM_PWM_MspInit  stm32f4xx_hal_tim.o
    0x08007898   0x08007898   0x00000008   Code   RO          991    .text.HAL_TIM_PWM_PulseFinishedCallback  stm32f4xx_hal_tim.o
    0x080078a0   0x080078a0   0x000001d0   Code   RO          913    .text.HAL_TIM_PWM_Start  stm32f4xx_hal_tim.o
    0x08007a70   0x08007a70   0x00000046   Code   RO         2099    .text.HAL_TIM_PeriodElapsedCallback  cansendthread.o
    0x08007ab6   0x08007ab6   0x00000002   PAD
    0x08007ab8   0x08007ab8   0x00000008   Code   RO          995    .text.HAL_TIM_TriggerCallback  stm32f4xx_hal_tim.o
    0x08007ac0   0x08007ac0   0x0000000e   Code   RO         1277    .text.HAL_UARTEx_RxEventCallback  stm32f4xx_hal_uart.o
    0x08007ace   0x08007ace   0x00000002   PAD
    0x08007ad0   0x08007ad0   0x00000008   Code   RO         1275    .text.HAL_UART_ErrorCallback  stm32f4xx_hal_uart.o
    0x08007ad8   0x08007ad8   0x00000430   Code   RO         1269    .text.HAL_UART_IRQHandler  stm32f4xx_hal_uart.o
    0x08007f08   0x08007f08   0x000000a0   Code   RO         1187    .text.HAL_UART_Init  stm32f4xx_hal_uart.o
    0x08007fa8   0x08007fa8   0x000003da   Code   RO          139    .text.HAL_UART_MspInit  usart.o
    0x08008382   0x08008382   0x00000002   PAD
    0x08008384   0x08008384   0x00000008   Code   RO         1287    .text.HAL_UART_RxCpltCallback  stm32f4xx_hal_uart.o
    0x0800838c   0x0800838c   0x0000015e   Code   RO         1203    .text.HAL_UART_Transmit  stm32f4xx_hal_uart.o
    0x080084ea   0x080084ea   0x00000002   PAD
    0x080084ec   0x080084ec   0x00000008   Code   RO         1283    .text.HAL_UART_TxCpltCallback  stm32f4xx_hal_uart.o
    0x080084f4   0x080084f4   0x00000004   Code   RO          160    .text.HardFault_Handler  stm32f4xx_it.o
    0x080084f8   0x080084f8   0x00000028   Code   RO         2396    .text.IsEmpty       refereebehaviour.o
    0x08008520   0x08008520   0x0000002a   Code   RO         2394    .text.IsFull        refereebehaviour.o
    0x0800854a   0x0800854a   0x00000002   PAD
    0x0800854c   0x0800854c   0x00000072   Code   RO         1982    .text.KalmanFilter  calculatethread.o
    0x080085be   0x080085be   0x00000002   PAD
    0x080085c0   0x080085c0   0x0000018a   Code   RO         2346    .text.Line_Draw     client_ui.o
    0x0800874a   0x0800874a   0x00000002   PAD
    0x0800874c   0x0800874c   0x00000048   Code   RO           57    .text.MX_CAN1_Init  can.o
    0x08008794   0x08008794   0x00000048   Code   RO           59    .text.MX_CAN2_Init  can.o
    0x080087dc   0x080087dc   0x000000ce   Code   RO           75    .text.MX_DMA_Init   dma.o
    0x080088aa   0x080088aa   0x00000002   PAD
    0x080088ac   0x080088ac   0x00000140   Code   RO           35    .text.MX_FREERTOS_Init  freertos.o
    0x080089ec   0x080089ec   0x00000230   Code   RO           25    .text.MX_GPIO_Init  gpio.o
    0x08008c1c   0x08008c1c   0x0000004e   Code   RO           83    .text.MX_SPI1_Init  spi.o
    0x08008c6a   0x08008c6a   0x00000002   PAD
    0x08008c6c   0x08008c6c   0x0000009c   Code   RO          113    .text.MX_TIM10_Init  tim.o
    0x08008d08   0x08008d08   0x00000186   Code   RO           99    .text.MX_TIM1_Init  tim.o
    0x08008e8e   0x08008e8e   0x00000002   PAD
    0x08008e90   0x08008e90   0x0000008a   Code   RO          103    .text.MX_TIM3_Init  tim.o
    0x08008f1a   0x08008f1a   0x00000002   PAD
    0x08008f1c   0x08008f1c   0x0000008a   Code   RO          105    .text.MX_TIM4_Init  tim.o
    0x08008fa6   0x08008fa6   0x00000002   PAD
    0x08008fa8   0x08008fa8   0x0000008a   Code   RO          107    .text.MX_TIM5_Init  tim.o
    0x08009032   0x08009032   0x00000002   PAD
    0x08009034   0x08009034   0x00000060   Code   RO          109    .text.MX_TIM6_Init  tim.o
    0x08009094   0x08009094   0x0000016c   Code   RO          111    .text.MX_TIM8_Init  tim.o
    0x08009200   0x08009200   0x00000040   Code   RO          133    .text.MX_USART1_UART_Init  usart.o
    0x08009240   0x08009240   0x00000044   Code   RO          135    .text.MX_USART3_UART_Init  usart.o
    0x08009284   0x08009284   0x0000003c   Code   RO          137    .text.MX_USART6_UART_Init  usart.o
    0x080092c0   0x080092c0   0x0000079c   Code   RO         2474    .text.MahonyAHRSupdate  mahonyahrs.o
    0x08009a5c   0x08009a5c   0x00000450   Code   RO         2476    .text.MahonyAHRSupdateIMU  mahonyahrs.o
    0x08009eac   0x08009eac   0x00000004   Code   RO          162    .text.MemManage_Handler  stm32f4xx_it.o
    0x08009eb0   0x08009eb0   0x000001fc   Code   RO         2322    .text.MotorProcess  feet_motor.o
    0x0800a0ac   0x0800a0ac   0x00000004   Code   RO          158    .text.NMI_Handler   stm32f4xx_it.o
    0x0800a0b0   0x0800a0b0   0x0000006e   Code   RO          584    .text.NVIC_EncodePriority  stm32f4xx_hal_cortex.o
    0x0800a11e   0x0800a11e   0x00000002   PAD
    0x0800a120   0x0800a120   0x0000024e   Code   RO         2511    .text.PID_calc      pid.o
    0x0800a36e   0x0800a36e   0x00000002   PAD
    0x0800a370   0x0800a370   0x00000058   Code   RO         2507    .text.PID_init      pid.o
    0x0800a3c8   0x0800a3c8   0x00000008   PAD
    0x0800a3d0   0x0800a3d0   0x00000064   Code   RO         1801    .text.PendSV_Handler  port.o
    0x0800a434   0x0800a434   0x0000012e   Code   RO         2398    .text.Pop           refereebehaviour.o
    0x0800a562   0x0800a562   0x00000002   PAD
    0x0800a564   0x0800a564   0x00000020   Code   RO         2392    .text.QueueInit     refereebehaviour.o
    0x0800a584   0x0800a584   0x00000080   Code   RO         1986    .text.RefereeInfUpdate  calculatethread.o
    0x0800a604   0x0800a604   0x0000005c   Code   RO         2111    .text.RefereeTask   refereethread.o
    0x0800a660   0x0800a660   0x000053a4   Code   RO         1867    .text.SPI1_DMA_enable  bsp_spi.o
    0x0800fa04   0x0800fa04   0x0000022c   Code   RO         1865    .text.SPI1_DMA_init  bsp_spi.o
    0x0800fc30   0x0800fc30   0x000000a8   Code   RO          744    .text.SPI_EndRxTxTransaction  stm32f4xx_hal_spi.o
    0x0800fcd8   0x0800fcd8   0x00000134   Code   RO          842    .text.SPI_WaitFlagStateUntilTimeout  stm32f4xx_hal_spi.o
    0x0800fe0c   0x0800fe0c   0x00000004   PAD
    0x0800fe10   0x0800fe10   0x00000024   Code   RO         1785    .text.SVC_Handler   port.o
    0x0800fe34   0x0800fe34   0x0000003e   Code   RO         1803    .text.SysTick_Handler  port.o
    0x0800fe72   0x0800fe72   0x00000002   PAD
    0x0800fe74   0x0800fe74   0x000000c0   Code   RO           13    .text.SystemClock_Config  main.o
    0x0800ff34   0x0800ff34   0x00000012   Code   RO         1316    .text.SystemInit    system_stm32f4xx.o
    0x0800ff46   0x0800ff46   0x00000002   PAD
    0x0800ff48   0x0800ff48   0x00000014   Code   RO         1950    .text.TIM3_IRQHandler  interruptservice.o
    0x0800ff5c   0x0800ff5c   0x00000014   Code   RO         1954    .text.TIM4_IRQHandler  interruptservice.o
    0x0800ff70   0x0800ff70   0x00000014   Code   RO         1952    .text.TIM5_IRQHandler  interruptservice.o
    0x0800ff84   0x0800ff84   0x00000014   Code   RO         1956    .text.TIM6_DAC_IRQHandler  interruptservice.o
    0x0800ff98   0x0800ff98   0x00000010   Code   RO          180    .text.TIM7_IRQHandler  stm32f4xx_it.o
    0x0800ffa8   0x0800ffa8   0x0000019a   Code   RO          855    .text.TIM_Base_SetConfig  stm32f4xx_hal_tim.o
    0x08010142   0x08010142   0x00000002   PAD
    0x08010144   0x08010144   0x00000038   Code   RO          889    .text.TIM_CCxChannelCmd  stm32f4xx_hal_tim.o
    0x0801017c   0x0801017c   0x00000034   Code   RO         1041    .text.TIM_ETR_SetConfig  stm32f4xx_hal_tim.o
    0x080101b0   0x080101b0   0x0000002a   Code   RO         1047    .text.TIM_ITRx_SetConfig  stm32f4xx_hal_tim.o
    0x080101da   0x080101da   0x00000002   PAD
    0x080101dc   0x080101dc   0x000000ea   Code   RO          999    .text.TIM_OC1_SetConfig  stm32f4xx_hal_tim.o
    0x080102c6   0x080102c6   0x00000002   PAD
    0x080102c8   0x080102c8   0x000000f4   Code   RO         1001    .text.TIM_OC2_SetConfig  stm32f4xx_hal_tim.o
    0x080103bc   0x080103bc   0x000000f2   Code   RO         1003    .text.TIM_OC3_SetConfig  stm32f4xx_hal_tim.o
    0x080104ae   0x080104ae   0x00000002   PAD
    0x080104b0   0x080104b0   0x000000a4   Code   RO         1005    .text.TIM_OC4_SetConfig  stm32f4xx_hal_tim.o
    0x08010554   0x08010554   0x00000050   Code   RO         1045    .text.TIM_TI1_ConfigInputStage  stm32f4xx_hal_tim.o
    0x080105a4   0x080105a4   0x00000052   Code   RO         1049    .text.TIM_TI2_ConfigInputStage  stm32f4xx_hal_tim.o
    0x080105f6   0x080105f6   0x00000002   PAD
    0x080105f8   0x080105f8   0x00000130   Code   RO         1958    .text.TimerTaskLoop1000Hz  interruptservice.o
    0x08010728   0x08010728   0x00000002   Code   RO         1964    .text.TimerTaskLoop100Hz  interruptservice.o
    0x0801072a   0x0801072a   0x00000002   PAD
    0x0801072c   0x0801072c   0x00000002   Code   RO         1960    .text.TimerTaskLoop500Hz_1  interruptservice.o
    0x0801072e   0x0801072e   0x00000002   PAD
    0x08010730   0x08010730   0x00000002   Code   RO         1962    .text.TimerTaskLoop500Hz_2  interruptservice.o
    0x08010732   0x08010732   0x00000002   PAD
    0x08010734   0x08010734   0x00000020   Code   RO         1273    .text.UART_DMAAbortOnError  stm32f4xx_hal_uart.o
    0x08010754   0x08010754   0x00000094   Code   RO         1235    .text.UART_EndRxTransfer  stm32f4xx_hal_uart.o
    0x080107e8   0x080107e8   0x00000026   Code   RO         1281    .text.UART_EndTransmit_IT  stm32f4xx_hal_uart.o
    0x0801080e   0x0801080e   0x00000002   PAD
    0x08010810   0x08010810   0x0000016a   Code   RO         1271    .text.UART_Receive_IT  stm32f4xx_hal_uart.o
    0x0801097a   0x0801097a   0x00000002   PAD
    0x0801097c   0x0801097c   0x00000156   Code   RO         1191    .text.UART_SetConfig  stm32f4xx_hal_uart.o
    0x08010ad2   0x08010ad2   0x00000002   PAD
    0x08010ad4   0x08010ad4   0x00000098   Code   RO         1279    .text.UART_Transmit_IT  stm32f4xx_hal_uart.o
    0x08010b6c   0x08010b6c   0x000000d6   Code   RO         1205    .text.UART_WaitOnFlagUntilTimeout  stm32f4xx_hal_uart.o
    0x08010c42   0x08010c42   0x00000002   PAD
    0x08010c44   0x08010c44   0x000011fc   Code   RO         2130    .text.UI            uithread.o
    0x08011e40   0x08011e40   0x000002ea   Code   RO         2358    .text.UI_ReFresh    client_ui.o
    0x0801212a   0x0801212a   0x00000002   PAD
    0x0801212c   0x0801212c   0x0000002c   Code   RO         2338    .text.UI_SendByte   client_ui.o
    0x08012158   0x08012158   0x00000010   Code   RO          178    .text.USART1_IRQHandler  stm32f4xx_it.o
    0x08012168   0x08012168   0x0000012a   Code   RO         2255    .text.USART3_IRQHandler  remote.o
    0x08012292   0x08012292   0x00000002   PAD
    0x08012294   0x08012294   0x0000011a   Code   RO         2115    .text.USART6_IRQHandler  refereethread.o
    0x080123ae   0x080123ae   0x00000002   PAD
    0x080123b0   0x080123b0   0x00000004   Code   RO          166    .text.UsageFault_Handler  stm32f4xx_it.o
    0x080123b4   0x080123b4   0x00000034   Code   RO          588    .text.__NVIC_EnableIRQ  stm32f4xx_hal_cortex.o
    0x080123e8   0x080123e8   0x00000010   Code   RO          580    .text.__NVIC_GetPriorityGrouping  stm32f4xx_hal_cortex.o
    0x080123f8   0x080123f8   0x00000044   Code   RO          582    .text.__NVIC_SetPriority  stm32f4xx_hal_cortex.o
    0x0801243c   0x0801243c   0x0000003c   Code   RO          576    .text.__NVIC_SetPriorityGrouping  stm32f4xx_hal_cortex.o
    0x08012478   0x08012478   0x000001b8   Code   RO         2186    .text.bmi088_accel_init  bmi088driver.o
    0x08012630   0x08012630   0x0000040e   Code   RO         2184    .text.bmi088_accel_self_test  bmi088driver.o
    0x08012a3e   0x08012a3e   0x00000002   PAD
    0x08012a40   0x08012a40   0x0000014c   Code   RO         2190    .text.bmi088_gyro_init  bmi088driver.o
    0x08012b8c   0x08012b8c   0x00000126   Code   RO         2188    .text.bmi088_gyro_self_test  bmi088driver.o
    0x08012cb2   0x08012cb2   0x00000002   PAD
    0x08012cb4   0x08012cb4   0x0000007a   Code   RO         1817    .text.can_filter_init  bsp_can.o
    0x08012d2e   0x08012d2e   0x00000002   PAD
    0x08012d30   0x08012d30   0x0000003e   Code   RO         1830    .text.delay_init    bsp_delay.o
    0x08012d6e   0x08012d6e   0x00000002   PAD
    0x08012d70   0x08012d70   0x00000098   Code   RO         1832    .text.delay_us      bsp_delay.o
    0x08012e08   0x08012e08   0x00000064   Code   RO         2561    .text.fifo_s_get    fifo.o
    0x08012e6c   0x08012e6c   0x00000038   Code   RO         2551    .text.fifo_s_init   fifo.o
    0x08012ea4   0x08012ea4   0x0000010e   Code   RO         2557    .text.fifo_s_puts   fifo.o
    0x08012fb2   0x08012fb2   0x00000002   PAD
    0x08012fb4   0x08012fb4   0x0000000c   Code   RO         2575    .text.fifo_s_used   fifo.o
    0x08012fc0   0x08012fc0   0x00000026   Code   RO         2445    .text.first_order_filter_init  user_lib.o
    0x08012fe6   0x08012fe6   0x00000002   PAD
    0x08012fe8   0x08012fe8   0x0000006c   Code   RO         2532    .text.get_CRC16_check_sum  crc8_crc16.o
    0x08013054   0x08013054   0x00000048   Code   RO         2526    .text.get_CRC8_check_sum  crc8_crc16.o
    0x0801309c   0x0801309c   0x000000d4   Code   RO         1903    .text.get_angle     attitudethread.o
    0x08013170   0x08013170   0x00000230   Code   RO         1915    .text.imu_cmd_spi_dma  attitudethread.o
    0x080133a0   0x080133a0   0x0000001c   Code   RO         1845    .text.imu_pwm_set   bsp_imu_pwm.o
    0x080133bc   0x080133bc   0x000000d8   Code   RO         1919    .text.imu_temp_control  attitudethread.o
    0x08013494   0x08013494   0x000000fe   Code   RO         2374    .text.init_referee_struct_data  refereebehaviour.o
    0x08013592   0x08013592   0x00000002   PAD
    0x08013594   0x08013594   0x0000005a   Code   RO         2478    .text.invSqrt       mahonyahrs.o
    0x080135ee   0x080135ee   0x00000002   PAD
    0x080135f0   0x080135f0   0x000000d4   Code   RO         2461    .text.loop_fp32_constrain  user_lib.o
    0x080136c4   0x080136c4   0x000000e6   Code   RO           11    .text.main          main.o
    0x080137aa   0x080137aa   0x00000002   PAD
    0x080137ac   0x080137ac   0x0000002a   Code   RO         1640    .text.makeFreeRtosPriority  cmsis_os.o
    0x080137d6   0x080137d6   0x00000002   PAD
    0x080137d8   0x080137d8   0x0000002a   Code   RO         1654    .text.osDelay       cmsis_os.o
    0x08013802   0x08013802   0x00000002   PAD
    0x08013804   0x08013804   0x0000000c   Code   RO         1720    .text.osDelayUntil  cmsis_os.o
    0x08013810   0x08013810   0x0000000a   Code   RO         1630    .text.osKernelStart  cmsis_os.o
    0x0801381a   0x0801381a   0x00000002   PAD
    0x0801381c   0x0801381c   0x000000a4   Code   RO         1638    .text.osThreadCreate  cmsis_os.o
    0x080138c0   0x080138c0   0x000000fc   Code   RO         1514    .text.prvAddCurrentTaskToDelayedList  tasks.o
    0x080139bc   0x080139bc   0x0000011c   Code   RO         1500    .text.prvAddNewTaskToReadyList  tasks.o
    0x08013ad8   0x08013ad8   0x0000005e   Code   RO         1598    .text.prvCheckTasksWaitingTermination  tasks.o
    0x08013b36   0x08013b36   0x00000002   PAD
    0x08013b38   0x08013b38   0x00000060   Code   RO         1506    .text.prvDeleteTCB  tasks.o
    0x08013b98   0x08013b98   0x000000be   Code   RO         1752    .text.prvHeapInit   heap_4.o
    0x08013c56   0x08013c56   0x00000002   PAD
    0x08013c58   0x08013c58   0x00000038   Code   RO         1536    .text.prvIdleTask   tasks.o
    0x08013c90   0x08013c90   0x00000118   Code   RO         1498    .text.prvInitialiseNewTask  tasks.o
    0x08013da8   0x08013da8   0x0000008e   Code   RO         1596    .text.prvInitialiseTaskLists  tasks.o
    0x08013e36   0x08013e36   0x00000002   PAD
    0x08013e38   0x08013e38   0x000000c6   Code   RO         1754    .text.prvInsertBlockIntoFreeList  heap_4.o
    0x08013efe   0x08013efe   0x00000002   PAD
    0x08013f00   0x08013f00   0x00000028   Code   RO         1793    .text.prvPortStartFirstTask  port.o
    0x08013f28   0x08013f28   0x00000048   Code   RO         1508    .text.prvResetNextTaskUnblockTime  tasks.o
    0x08013f70   0x08013f70   0x00000050   Code   RO         1783    .text.prvTaskExitError  port.o
    0x08013fc0   0x08013fc0   0x000001fa   Code   RO         1750    .text.pvPortMalloc  heap_4.o
    0x080141ba   0x080141ba   0x00000002   PAD
    0x080141bc   0x080141bc   0x0000005e   Code   RO         1781    .text.pxPortInitialiseStack  port.o
    0x0801421a   0x0801421a   0x00000002   PAD
    0x0801421c   0x0801421c   0x000003ac   Code   RO         2376    .text.referee_data_solve  refereebehaviour.o
    0x080145c8   0x080145c8   0x000001ee   Code   RO         2113    .text.referee_unpack_fifo_data  refereethread.o
    0x080147b6   0x080147b6   0x00000002   PAD
    0x080147b8   0x080147b8   0x00000016   Code   RO         2259    .text.remote_control_init  remote.o
    0x080147ce   0x080147ce   0x00000002   PAD
    0x080147d0   0x080147d0   0x000001a8   Code   RO         2257    .text.sbus_to_rc    remote.o
    0x08014978   0x08014978   0x00000092   Code   RO         2384    .text.send_bullet_limit  refereebehaviour.o
    0x08014a0a   0x08014a0a   0x00000002   PAD
    0x08014a0c   0x08014a0c   0x000000b6   Code   RO         2390    .text.send_bullet_speed  refereebehaviour.o
    0x08014ac2   0x08014ac2   0x00000002   PAD
    0x08014ac4   0x08014ac4   0x00000080   Code   RO         2382    .text.send_enemy_information  refereebehaviour.o
    0x08014b44   0x08014b44   0x00000052   Code   RO         2380    .text.send_game_status  refereebehaviour.o
    0x08014b96   0x08014b96   0x00000002   PAD
    0x08014b98   0x08014b98   0x00000088   Code   RO         2388    .text.send_power_heat_data  refereebehaviour.o
    0x08014c20   0x08014c20   0x0000005e   Code   RO         2386    .text.send_robot_information  refereebehaviour.o
    0x08014c7e   0x08014c7e   0x00000002   PAD
    0x08014c80   0x08014c80   0x000000a4   Code   RO         1876    .text.usart3_rx_dma_init  bsp_usart.o
    0x08014d24   0x08014d24   0x00000196   Code   RO         1886    .text.usart6_init   bsp_usart.o
    0x08014eba   0x08014eba   0x00000002   PAD
    0x08014ebc   0x08014ebc   0x00000048   Code   RO         1368    .text.uxListRemove  list.o
    0x08014f04   0x08014f04   0x0000002a   Code   RO           33    .text.vApplicationGetIdleTaskMemory  freertos.o
    0x08014f2e   0x08014f2e   0x00000002   PAD
    0x08014f30   0x08014f30   0x0000002e   Code   RO         1360    .text.vListInitialise  list.o
    0x08014f5e   0x08014f5e   0x00000002   PAD
    0x08014f60   0x08014f60   0x0000000e   Code   RO         1362    .text.vListInitialiseItem  list.o
    0x08014f6e   0x08014f6e   0x00000002   PAD
    0x08014f70   0x08014f70   0x0000006c   Code   RO         1366    .text.vListInsert   list.o
    0x08014fdc   0x08014fdc   0x0000003a   Code   RO         1364    .text.vListInsertEnd  list.o
    0x08015016   0x08015016   0x00000002   PAD
    0x08015018   0x08015018   0x00000014   Code   RO         1791    .text.vPortEnableVFP  port.o
    0x0801502c   0x0801502c   0x00000058   Code   RO         1797    .text.vPortEnterCritical  port.o
    0x08015084   0x08015084   0x0000004e   Code   RO         1799    .text.vPortExitCritical  port.o
    0x080150d2   0x080150d2   0x00000002   PAD
    0x080150d4   0x080150d4   0x000000d4   Code   RO         1756    .text.vPortFree     heap_4.o
    0x080151a8   0x080151a8   0x00000044   Code   RO         1789    .text.vPortSetupTimerInterrupt  port.o
    0x080151ec   0x080151ec   0x00000074   Code   RO         1510    .text.vTaskDelay    tasks.o
    0x08015260   0x08015260   0x000000d6   Code   RO         1534    .text.vTaskStartScheduler  tasks.o
    0x08015336   0x08015336   0x00000002   PAD
    0x08015338   0x08015338   0x00000010   Code   RO         1512    .text.vTaskSuspendAll  tasks.o
    0x08015348   0x08015348   0x000000c2   Code   RO         1526    .text.vTaskSwitchContext  tasks.o
    0x0801540a   0x0801540a   0x00000002   PAD
    0x0801540c   0x0801540c   0x0000007e   Code   RO         2534    .text.verify_CRC16_check_sum  crc8_crc16.o
    0x0801548a   0x0801548a   0x00000002   PAD
    0x0801548c   0x0801548c   0x00000054   Code   RO         2528    .text.verify_CRC8_check_sum  crc8_crc16.o
    0x080154e0   0x080154e0   0x00000156   Code   RO         1787    .text.xPortStartScheduler  port.o
    0x08015636   0x08015636   0x00000002   PAD
    0x08015638   0x08015638   0x000000b2   Code   RO         1502    .text.xTaskCreate   tasks.o
    0x080156ea   0x080156ea   0x00000002   PAD
    0x080156ec   0x080156ec   0x000000d6   Code   RO         1496    .text.xTaskCreateStatic  tasks.o
    0x080157c2   0x080157c2   0x00000002   PAD
    0x080157c4   0x080157c4   0x000001c8   Code   RO         1540    .text.xTaskIncrementTick  tasks.o
    0x0801598c   0x0801598c   0x0000018c   Code   RO         1516    .text.xTaskResumeAll  tasks.o
    0x08015b18   0x08015b18   0x00000026   Code   RO         2831    i.__ARM_fpclassifyf  m_wm.l(fpclassifyf.o)
    0x08015b3e   0x08015b3e   0x00000002   PAD
    0x08015b40   0x08015b40   0x0000012c   Code   RO         2715    i.__hardfp_asinf    m_wm.l(asinf.o)
    0x08015c6c   0x08015c6c   0x000002ac   Code   RO         2721    i.__hardfp_atan2f   m_wm.l(atan2f.o)
    0x08015f18   0x08015f18   0x0000007a   Code   RO         2727    i.__hardfp_sqrt     m_wm.l(sqrt.o)
    0x08015f92   0x08015f92   0x00000006   Code   RO         2834    i.__mathlib_flt_infnan  m_wm.l(funder.o)
    0x08015f98   0x08015f98   0x00000006   Code   RO         2835    i.__mathlib_flt_infnan2  m_wm.l(funder.o)
    0x08015f9e   0x08015f9e   0x00000002   PAD
    0x08015fa0   0x08015fa0   0x00000010   Code   RO         2836    i.__mathlib_flt_invalid  m_wm.l(funder.o)
    0x08015fb0   0x08015fb0   0x00000010   Code   RO         2839    i.__mathlib_flt_underflow  m_wm.l(funder.o)
    0x08015fc0   0x08015fc0   0x0000003e   Code   RO         2849    i.sqrtf             m_wm.l(sqrtf.o)
    0x08015ffe   0x08015ffe   0x00000002   PAD
    0x08016000   0x08016000   0x00000062   Code   RO         2693    x$fpl$d2f           fz_wm.l(d2f.o)
    0x08016062   0x08016062   0x00000002   PAD
    0x08016064   0x08016064   0x00000150   Code   RO         2695    x$fpl$dadd          fz_wm.l(daddsub_clz.o)
    0x080161b4   0x080161b4   0x00000018   Code   RO         2899    x$fpl$dcmpinf       fz_wm.l(dcmpi.o)
    0x080161cc   0x080161cc   0x000002b0   Code   RO         2704    x$fpl$ddiv          fz_wm.l(ddiv.o)
    0x0801647c   0x0801647c   0x00000078   Code   RO         2814    x$fpl$deqf          fz_wm.l(deqf.o)
    0x080164f4   0x080164f4   0x0000002e   Code   RO         2708    x$fpl$dflt          fz_wm.l(dflt_clz.o)
    0x08016522   0x08016522   0x00000002   PAD
    0x08016524   0x08016524   0x00000078   Code   RO         2816    x$fpl$dgeqf         fz_wm.l(dgeqf.o)
    0x0801659c   0x0801659c   0x00000078   Code   RO         2818    x$fpl$dleqf         fz_wm.l(dleqf.o)
    0x08016614   0x08016614   0x0000009c   Code   RO         2820    x$fpl$dnaninf       fz_wm.l(dnaninf.o)
    0x080166b0   0x080166b0   0x0000000c   Code   RO         2822    x$fpl$dretinf       fz_wm.l(dretinf.o)
    0x080166bc   0x080166bc   0x00000198   Code   RO         2824    x$fpl$dsqrt         fz_wm.l(dsqrt_umaal.o)
    0x08016854   0x08016854   0x000001d4   Code   RO         2697    x$fpl$dsub          fz_wm.l(daddsub_clz.o)
    0x08016a28   0x08016a28   0x00000056   Code   RO         2713    x$fpl$f2d           fz_wm.l(f2d.o)
    0x08016a7e   0x08016a7e   0x00000054   Code   RO         2701    x$fpl$fcmp          fz_wm.l(dcmp.o)
    0x08016ad2   0x08016ad2   0x0000008c   Code   RO         2826    x$fpl$fnaninf       fz_wm.l(fnaninf.o)
    0x08016b5e   0x08016b5e   0x0000001a   Code   RO         2901    x$fpl$fpinit        fz_wm.l(fpinit.o)
    0x08016b78   0x08016b78   0x0000000a   Code   RO         2828    x$fpl$fretinf       fz_wm.l(fretinf.o)
    0x08016b82   0x08016b82   0x00000000   Code   RO         2830    x$fpl$usenofp       fz_wm.l(usenofp.o)
    0x08016b82   0x08016b82   0x00000002   PAD
    0x08016b84   0x08016b84   0x0000001c   Data   RO           40    .rodata..L__const.MX_FREERTOS_Init.os_thread_def_Attitude  freertos.o
    0x08016ba0   0x08016ba0   0x0000001c   Data   RO           42    .rodata..L__const.MX_FREERTOS_Init.os_thread_def_Calculate  freertos.o
    0x08016bbc   0x08016bbc   0x0000001c   Data   RO           48    .rodata..L__const.MX_FREERTOS_Init.os_thread_def_CanSend  freertos.o
    0x08016bd8   0x08016bd8   0x0000001c   Data   RO           44    .rodata..L__const.MX_FREERTOS_Init.os_thread_def_GUI  freertos.o
    0x08016bf4   0x08016bf4   0x0000001c   Data   RO           46    .rodata..L__const.MX_FREERTOS_Init.os_thread_def_Referee  freertos.o
    0x08016c10   0x08016c10   0x00000010   Data   RO         1321    .rodata.AHBPrescTable  system_stm32f4xx.o
    0x08016c20   0x08016c20   0x00000008   Data   RO         1322    .rodata.APBPrescTable  system_stm32f4xx.o
    0x08016c28   0x08016c28   0x00000100   Data   RO         2364    .rodata.CRC8_TAB_UI  client_ui.o
    0x08016d28   0x08016d28   0x00000100   Data   RO         2539    .rodata.CRC8_table  crc8_crc16.o
    0x08016e28   0x08016e28   0x00000008   Data   RO          506    .rodata.DMA_CalcBaseAndBitshift.flagBitshiftOffset  stm32f4xx_hal_dma.o
    0x08016e30   0x08016e30   0x00000012   Data   RO         2222    .rodata.bmi088_accel_self_test.write_BMI088_ACCEL_self_test_Reg_Data_Error  bmi088driver.o
    0x08016e42   0x08016e42   0x00000002   PAD
    0x08016e44   0x08016e44   0x0000000c   Data   RO         1934    .rodata.imu_temp_PID  attitudethread.o
    0x08016e50   0x08016e50   0x00000027   Data   RO           39    .rodata.str1.1      freertos.o
    0x08016e77   0x08016e77   0x00000005   Data   RO         1611    .rodata.str1.1      tasks.o
    0x08016e7c   0x08016e7c   0x00000086   Data   RO         2134    .rodata.str1.1      uithread.o
    0x08016f02   0x08016f02   0x00000200   Data   RO         2366    .rodata.wCRC_Table_UI  client_ui.o
    0x08017102   0x08017102   0x00000200   Data   RO         2541    .rodata.wCRC_table  crc8_crc16.o
    0x08017302   0x08017302   0x00000002   PAD
    0x08017304   0x08017304   0x00000020   Data   RO         2995    Region$$Table       anon$$obj.o


    Execution Region RW_IRAM1 (Exec base: 0x20000000, Load base: 0x08017328, Size: 0x0000a1b0, Max: 0x0001c000, ABSOLUTE, COMPRESSED[0x000000c8])

    Exec Addr    Load Addr    Size         Type   Attr      Idx    E Section Name        Object

    0x20000000   COMPRESSED   0x00000004   Data   RW         2218    .data.BMI088_ACCEL_SEN  bmi088driver.o
    0x20000004   COMPRESSED   0x00000004   Data   RW         2219    .data.BMI088_GYRO_SEN  bmi088driver.o
    0x20000008   COMPRESSED   0x00000002   Data   RW         2540    .data.CRC16_INIT    crc8_crc16.o
    0x2000000a   COMPRESSED   0x00000002   PAD
    0x2000000c   COMPRESSED   0x00000018   Data   RW         2000    .data.KFP_drama     calculatethread.o
    0x20000024   COMPRESSED   0x00000018   Data   RW         1999    .data.KFP_slider    calculatethread.o
    0x2000003c   COMPRESSED   0x00000004   Data   RW         1320    .data.SystemCoreClock  system_stm32f4xx.o
    0x20000040   COMPRESSED   0x00000009   Data   RW         1922    .data.accel_dma_tx_buf  attitudethread.o
    0x20000049   COMPRESSED   0x00000004   Data   RW         1923    .data.accel_temp_dma_tx_buf  attitudethread.o
    0x2000004d   COMPRESSED   0x00000003   PAD
    0x20000050   COMPRESSED   0x00000004   Data   RW         2005    .data.angle_zero    calculatethread.o
    0x20000054   COMPRESSED   0x0000000c   Data   RW         2008    .data.drama_PID     calculatethread.o
    0x20000060   COMPRESSED   0x0000000c   Data   RW         2006    .data.follow_PID    calculatethread.o
    0x2000006c   COMPRESSED   0x00000008   Data   RW         1921    .data.gyro_dma_tx_buf  attitudethread.o
    0x20000074   COMPRESSED   0x0000000c   Data   RW         2009    .data.position_PID  calculatethread.o
    0x20000080   COMPRESSED   0x0000000c   Data   RW         2020    .data.position_drama_PID  calculatethread.o
    0x2000008c   COMPRESSED   0x0000000c   Data   RW         2010    .data.position_fast_PID  calculatethread.o
    0x20000098   COMPRESSED   0x0000000c   Data   RW         2015    .data.position_slider1_PID  calculatethread.o
    0x200000a4   COMPRESSED   0x0000000c   Data   RW         2016    .data.position_slider2_PID  calculatethread.o
    0x200000b0   COMPRESSED   0x0000000c   Data   RW         2014    .data.slider_PID    calculatethread.o
    0x200000bc   COMPRESSED   0x0000000c   Data   RW         2007    .data.slider_speed_PID  calculatethread.o
    0x200000c8   COMPRESSED   0x0000000c   Data   RW         2011    .data.speed_PID     calculatethread.o
    0x200000d4   COMPRESSED   0x0000000c   Data   RW         2019    .data.speed_folowing_PID  calculatethread.o
    0x200000e0   COMPRESSED   0x0000000c   Data   RW         2012    .data.speed_pitch_PID  calculatethread.o
    0x200000ec   COMPRESSED   0x0000000c   Data   RW         2017    .data.speed_slider1_PID  calculatethread.o
    0x200000f8   COMPRESSED   0x0000000c   Data   RW         2018    .data.speed_slider2_PID  calculatethread.o
    0x20000104   COMPRESSED   0x00000004   Data   RW         1973    .data.tmin          interruptservice.o
    0x20000108   COMPRESSED   0x0000000c   Data   RW         2013    .data.turn_PID      calculatethread.o
    0x20000114   COMPRESSED   0x00000004   Data   RW         2480    .data.twoKp         mahonyahrs.o
    0x20000118   COMPRESSED   0x00000001   Data   RW          700    .data.uwTickFreq    stm32f4xx_hal.o
    0x20000119   COMPRESSED   0x00000003   PAD
    0x2000011c   COMPRESSED   0x00000004   Data   RW          699    .data.uwTickPrio    stm32f4xx_hal.o
    0x20000120   COMPRESSED   0x00000004   Data   RW         1809    .data.uxCriticalNesting  port.o
    0x20000124   COMPRESSED   0x00000012   Data   RW         2220    .data.write_BMI088_accel_reg_data_error  bmi088driver.o
    0x20000136   COMPRESSED   0x00000012   Data   RW         2221    .data.write_BMI088_gyro_reg_data_error  bmi088driver.o
    0x20000148        -       0x00000060   Zero   RW         2858    .bss                c_w.l(libspace.o)
    0x200001a8        -       0x00000002   Zero   RW         2081    .bss.Aim            calculatethread.o
    0x200001aa   COMPRESSED   0x00000002   PAD
    0x200001ac        -       0x00000004   Zero   RW           41    .bss.AttudThreadHandler  freertos.o
    0x200001b0        -       0x00000021   Zero   RW         2426    .bss.BulletLimit    refereebehaviour.o
    0x200001d1        -       0x0000000b   Zero   RW         2425    .bss.BulletSpeed    refereebehaviour.o
    0x200001dc        -       0x00000004   Zero   RW         2102    .bss.CMSCounter     cansendthread.o
    0x200001e0        -       0x00000004   Zero   RW           43    .bss.CalcThreadHandler  freertos.o
    0x200001e4        -       0x00000004   Zero   RW           49    .bss.CanSendHandle  freertos.o
    0x200001e8        -       0x000001ac   Zero   RW         2058    .bss.Chassis        calculatethread.o
    0x20000394        -       0x0000000b   Zero   RW         2101    .bss.DataBuffer     cansendthread.o
    0x2000039f        -       0x0000000b   Zero   RW         2431    .bss.EnemyInformation  refereebehaviour.o
    0x200003aa        -       0x0000000b   Zero   RW         2433    .bss.GAMESTATUS     refereebehaviour.o
    0x200003b5   COMPRESSED   0x00000003   PAD
    0x200003b8        -       0x00000004   Zero   RW           45    .bss.GUIHandle      freertos.o
    0x200003bc        -       0x00000004   Zero   RW           67    .bss.HAL_RCC_CAN1_CLK_ENABLED  can.o
    0x200003c0        -       0x0000002d   Zero   RW         2145    .bss.Heat           uithread.o
    0x200003ed   COMPRESSED   0x00000003   PAD
    0x200003f0        -       0x0000000c   Zero   RW         1930    .bss.INS_angle      attitudethread.o
    0x200003fc        -       0x0000000c   Zero   RW         1931    .bss.INS_palstance  attitudethread.o
    0x20000408        -       0x00000010   Zero   RW         1929    .bss.INS_quat       attitudethread.o
    0x20000418        -       0x00000018   Zero   RW         2022    .bss.Imu            calculatethread.o
    0x20000430        -       0x00000002   Zero   RW         2308    .bss.KeyFormerChannal  remote.o
    0x20000432        -       0x00000002   Zero   RW         2309    .bss.KeyJumpChannal  remote.o
    0x20000434        -       0x00000014   Zero   RW         2327    .bss.LeftFootMotorMeasure  feet_motor.o
    0x20000448        -       0x00000014   Zero   RW         2328    .bss.LeftSliderMotorMeasure  feet_motor.o
    0x2000045c        -       0x0000002d   Zero   RW         2142    .bss.Mode           uithread.o
    0x20000489        -       0x00000001   Zero   RW         2065    .bss.Mode_last      calculatethread.o
    0x2000048a        -       0x00000001   Zero   RW         2079    .bss.Mode_now       calculatethread.o
    0x2000048b        -       0x00000010   Zero   RW         2325    .bss.MotorSendBuffer  feet_motor.o
    0x2000049b        -       0x00000007   Zero   RW         2057    .bss.PTZ            calculatethread.o
    0x200004a2        -       0x0000000f   Zero   RW         2141    .bss.Pingheng       uithread.o
    0x200004b1        -       0x00000016   Zero   RW         2424    .bss.PowerHeatData  refereebehaviour.o
    0x200004c7        -       0x0000001d   Zero   RW         2021    .bss.Referee        calculatethread.o
    0x200004e4        -       0x00000004   Zero   RW           47    .bss.RefereeHandle  freertos.o
    0x200004e8        -       0x00000014   Zero   RW         2326    .bss.RightFootMotorMeasure  feet_motor.o
    0x200004fc        -       0x00000014   Zero   RW         2329    .bss.RightSliderMotorMeasure  feet_motor.o
    0x20000510        -       0x0000000b   Zero   RW         2429    .bss.RobotInformation  refereebehaviour.o
    0x2000051b        -       0x00000422   Zero   RW         2421    .bss.SendBuffer     refereebehaviour.o
    0x2000093d        -       0x00000003   Zero   RW         2432    .bss.SendGameStatus  refereebehaviour.o
    0x20000940        -       0x00000001   Zero   RW         2362    .bss.UI_Seq         client_ui.o
    0x20000941   COMPRESSED   0x00000001   PAD
    0x20000942        -       0x00000002   Zero   RW         2307    .bss.USART3_IRQHandler.this_time_rx_len  remote.o
    0x20000944        -       0x00000002   Zero   RW         2122    .bss.USART6_IRQHandler.this_time_rx_len  refereethread.o
    0x20000946   COMPRESSED   0x00000002   PAD
    0x20000948        -       0x00000014   Zero   RW         2330    .bss.YawMotorMeasure  feet_motor.o
    0x2000095c        -       0x00000009   Zero   RW         1936    .bss.accel_dma_rx_buf  attitudethread.o
    0x20000965        -       0x00000004   Zero   RW         1937    .bss.accel_temp_dma_rx_buf  attitudethread.o
    0x20000969        -       0x00000001   Zero   RW         1926    .bss.accel_temp_update_flag  attitudethread.o
    0x2000096a        -       0x00000001   Zero   RW         1925    .bss.accel_update_flag  attitudethread.o
    0x2000096b        -       0x0000002d   Zero   RW         2144    .bss.aimbot         uithread.o
    0x20000998        -       0x0000002d   Zero   RW         2143    .bss.autofire       uithread.o
    0x200009c5   COMPRESSED   0x00000003   PAD
    0x200009c8        -       0x00000024   Zero   RW         1932    .bss.bmi088_real_data  attitudethread.o
    0x200009ec        -       0x00000001   Zero   RW         2414    .bss.buff_musk_t    refereebehaviour.o
    0x200009ed   COMPRESSED   0x00000001   PAD
    0x200009ee        -       0x00000006   Zero   RW         2418    .bss.bullet_remaining_t  refereebehaviour.o
    0x200009f4        -       0x00000018   Zero   RW         2103    .bss.can_tx_message  cansendthread.o
    0x20000a0c        -       0x00000018   Zero   RW         2324    .bss.can_tx_message  feet_motor.o
    0x20000a24        -       0x00000006   Zero   RW         2423    .bss.dart_client_cmd_t  refereebehaviour.o
    0x20000a2a        -       0x00000001   Zero   RW         2422    .bss.dart_remaining_time_t  refereebehaviour.o
    0x20000a2b   COMPRESSED   0x00000001   PAD
    0x20000a2c        -       0x00000048   Zero   RW         2032    .bss.drama_pid_left  calculatethread.o
    0x20000a74        -       0x00000048   Zero   RW         2031    .bss.drama_pid_right  calculatethread.o
    0x20000abc        -       0x00000008   Zero   RW         2430    .bss.enemy_information  refereebehaviour.o
    0x20000ac4        -       0x00000004   Zero   RW         1837    .bss.fac_ms         bsp_delay.o
    0x20000ac8        -       0x00000001   Zero   RW         1836    .bss.fac_us         bsp_delay.o
    0x20000ac9   COMPRESSED   0x00000003   PAD
    0x20000acc        -       0x00000004   Zero   RW         2407    .bss.field_event    refereebehaviour.o
    0x20000ad0        -       0x00000001   Zero   RW         1940    .bss.first_temperate  attitudethread.o
    0x20000ad1   COMPRESSED   0x00000003   PAD
    0x20000ad4        -       0x00000048   Zero   RW         2047    .bss.follow         calculatethread.o
    0x20000b1c        -       0x00000004   Zero   RW         2067    .bss.follow_angle   calculatethread.o
    0x20000b20        -       0x00000001   Zero   RW         2405    .bss.game_result    refereebehaviour.o
    0x20000b21   COMPRESSED   0x00000001   PAD
    0x20000b22        -       0x00000020   Zero   RW         2406    .bss.game_robot_HP_t  refereebehaviour.o
    0x20000b42   COMPRESSED   0x00000002   PAD
    0x20000b44        -       0x00000010   Zero   RW         2413    .bss.game_robot_pos_t  refereebehaviour.o
    0x20000b54        -       0x0000000b   Zero   RW         2404    .bss.game_state     refereebehaviour.o
    0x20000b5f        -       0x00000008   Zero   RW         1935    .bss.gyro_dma_rx_buf  attitudethread.o
    0x20000b67        -       0x00000001   Zero   RW         1924    .bss.gyro_update_flag  attitudethread.o
    0x20000b68        -       0x00000028   Zero   RW           65    .bss.hcan1          can.o
    0x20000b90        -       0x00000028   Zero   RW           66    .bss.hcan2          can.o
    0x20000bb8        -       0x00000060   Zero   RW           90    .bss.hdma_spi1_rx   spi.o
    0x20000c18        -       0x00000060   Zero   RW           91    .bss.hdma_spi1_tx   spi.o
    0x20000c78        -       0x00000060   Zero   RW          146    .bss.hdma_usart1_rx  usart.o
    0x20000cd8        -       0x00000060   Zero   RW          147    .bss.hdma_usart1_tx  usart.o
    0x20000d38        -       0x00000060   Zero   RW          148    .bss.hdma_usart3_rx  usart.o
    0x20000d98        -       0x00000060   Zero   RW          149    .bss.hdma_usart6_rx  usart.o
    0x20000df8        -       0x00000060   Zero   RW          150    .bss.hdma_usart6_tx  usart.o
    0x20000e58        -       0x00000058   Zero   RW           89    .bss.hspi1          spi.o
    0x20000eb0        -       0x00000048   Zero   RW          119    .bss.htim1          tim.o
    0x20000ef8        -       0x00000048   Zero   RW          125    .bss.htim10         tim.o
    0x20000f40        -       0x00000048   Zero   RW          120    .bss.htim3          tim.o
    0x20000f88        -       0x00000048   Zero   RW          121    .bss.htim4          tim.o
    0x20000fd0        -       0x00000048   Zero   RW          122    .bss.htim5          tim.o
    0x20001018        -       0x00000048   Zero   RW          123    .bss.htim6          tim.o
    0x20001060        -       0x00000048   Zero   RW          215    .bss.htim7          stm32f4xx_hal_timebase_tim.o
    0x200010a8        -       0x00000048   Zero   RW          124    .bss.htim8          tim.o
    0x200010f0        -       0x00000044   Zero   RW          143    .bss.huart1         usart.o
    0x20001134        -       0x00000044   Zero   RW          144    .bss.huart3         usart.o
    0x20001178        -       0x00000044   Zero   RW          145    .bss.huart6         usart.o
    0x200011bc        -       0x0000000f   Zero   RW         2133    .bss.imagex         uithread.o
    0x200011cb        -       0x0000000f   Zero   RW         2135    .bss.imagey         uithread.o
    0x200011da        -       0x00000001   Zero   RW         1928    .bss.imu_start_dma_flag  attitudethread.o
    0x200011db        -       0x00000001   Zero   RW         1939    .bss.imu_temp_control.temp_constant_time  attitudethread.o
    0x200011dc        -       0x00000048   Zero   RW         1933    .bss.imu_temp_pid   attitudethread.o
    0x20001224        -       0x00000002   Zero   RW         2066    .bss.init_time      calculatethread.o
    0x20001226   COMPRESSED   0x00000002   PAD
    0x20001228        -       0x00000004   Zero   RW         2482    .bss.integralFBx    mahonyahrs.o
    0x2000122c        -       0x00000004   Zero   RW         2483    .bss.integralFBy    mahonyahrs.o
    0x20001230        -       0x00000004   Zero   RW         2484    .bss.integralFBz    mahonyahrs.o
    0x20001234        -       0x00000010   Zero   RW         2049    .bss.joint_filter   calculatethread.o
    0x20001244        -       0x00000004   Zero   RW         2050    .bss.joint_paramater  calculatethread.o
    0x20001248        -       0x00000004   Zero   RW         1970    .bss.left_flag      interruptservice.o
    0x2000124c        -       0x00000004   Zero   RW         2028    .bss.left_foot_position  calculatethread.o
    0x20001250        -       0x00000004   Zero   RW         2069    .bss.left_foot_speed  calculatethread.o
    0x20001254        -       0x00000004   Zero   RW         2024    .bss.left_slider_foot_current  calculatethread.o
    0x20001258        -       0x00000004   Zero   RW         2077    .bss.left_slider_foot_speed  calculatethread.o
    0x2000125c        -       0x0000002d   Zero   RW         2148    .bss.noforce        uithread.o
    0x20001289        -       0x0000002d   Zero   RW         2146    .bss.open1          uithread.o
    0x200012b6        -       0x0000002d   Zero   RW         2147    .bss.open2          uithread.o
    0x200012e3        -       0x0000002d   Zero   RW         2149    .bss.open3          uithread.o
    0x20001310        -       0x00000010   Zero   RW         2053    .bss.pitch_filter   calculatethread.o
    0x20001320        -       0x00000004   Zero   RW         2054    .bss.pitch_paramater  calculatethread.o
    0x20001324        -       0x00000004   Zero   RW         2064    .bss.po             calculatethread.o
    0x20001328        -       0x00000048   Zero   RW         2048    .bss.position_drama_pid  calculatethread.o
    0x20001370        -       0x00000010   Zero   RW         2055    .bss.position_filter  calculatethread.o
    0x20001380        -       0x00000004   Zero   RW         2056    .bss.position_paramater  calculatethread.o
    0x20001384        -       0x00000048   Zero   RW         2033    .bss.position_pid_left  calculatethread.o
    0x200013cc        -       0x00000048   Zero   RW         2035    .bss.position_pid_left_fast  calculatethread.o
    0x20001414        -       0x00000048   Zero   RW         2034    .bss.position_pid_right  calculatethread.o
    0x2000145c        -       0x00000048   Zero   RW         2036    .bss.position_pid_right_fast  calculatethread.o
    0x200014a4        -       0x00000048   Zero   RW         2041    .bss.position_slider1_pid  calculatethread.o
    0x200014ec        -       0x00000048   Zero   RW         2042    .bss.position_slider2_pid  calculatethread.o
    0x20001534        -       0x00000010   Zero   RW         2412    .bss.power_heat_data_t  refereebehaviour.o
    0x20001544        -       0x00000004   Zero   RW         1600    .bss.pxCurrentTCB   tasks.o
    0x20001548        -       0x00000004   Zero   RW         1617    .bss.pxDelayedTaskList  tasks.o
    0x2000154c        -       0x00000004   Zero   RW         1766    .bss.pxEnd          heap_4.o
    0x20001550        -       0x00000004   Zero   RW         1618    .bss.pxOverflowDelayedTaskList  tasks.o
    0x20001554        -       0x0000008c   Zero   RW         1601    .bss.pxReadyTasksLists  tasks.o
    0x200015e0        -       0x00000016   Zero   RW         2312    .bss.rc_ctrl        remote.o
    0x200015f6   COMPRESSED   0x00000002   PAD
    0x200015f8        -       0x00000018   Zero   RW         2117    .bss.referee_fifo   refereethread.o
    0x20001610        -       0x00000400   Zero   RW         2118    .bss.referee_fifo_buf  refereethread.o
    0x20001a10        -       0x00000005   Zero   RW         2402    .bss.referee_receive_header  refereebehaviour.o
    0x20001a15        -       0x00000005   Zero   RW         2403    .bss.referee_send_header  refereebehaviour.o
    0x20001a1a        -       0x00000089   Zero   RW         2120    .bss.referee_unpack_obj  refereethread.o
    0x20001aa3        -       0x00000002   Zero   RW         2410    .bss.referee_warning_t  refereebehaviour.o
    0x20001aa5   COMPRESSED   0x00000003   PAD
    0x20001aa8        -       0x00000004   Zero   RW         2419    .bss.rfid_status_t  refereebehaviour.o
    0x20001aac        -       0x00000004   Zero   RW         1971    .bss.right_flag     interruptservice.o
    0x20001ab0        -       0x00000004   Zero   RW         2025    .bss.right_foot_position  calculatethread.o
    0x20001ab4        -       0x00000004   Zero   RW         2068    .bss.right_foot_speed  calculatethread.o
    0x20001ab8        -       0x00000004   Zero   RW         2023    .bss.right_slider_foot_current  calculatethread.o
    0x20001abc        -       0x00000004   Zero   RW         2078    .bss.right_slider_foot_speed  calculatethread.o
    0x20001ac0        -       0x00000001   Zero   RW         2415    .bss.robot_energy_t  refereebehaviour.o
    0x20001ac1        -       0x00000001   Zero   RW         2416    .bss.robot_hurt_t   refereebehaviour.o
    0x20001ac2        -       0x00000006   Zero   RW         2428    .bss.robot_information  refereebehaviour.o
    0x20001ac8        -       0x0000001d   Zero   RW         2411    .bss.robot_state    refereebehaviour.o
    0x20001ae5   COMPRESSED   0x00000003   PAD
    0x20001ae8        -       0x00000004   Zero   RW         2070    .bss.roting_speed   calculatethread.o
    0x20001aec        -       0x00000008   Zero   RW         1969    .bss.rx_data        interruptservice.o
    0x20001af4        -       0x0000001c   Zero   RW         1968    .bss.rx_header      interruptservice.o
    0x20001b10        -       0x00000048   Zero   RW         2311    .bss.sbus_rx_buf    remote.o
    0x20001b58        -       0x00000007   Zero   RW         2417    .bss.shoot_data_t   refereebehaviour.o
    0x20001b5f   COMPRESSED   0x00000001   PAD
    0x20001b60        -       0x00000004   Zero   RW         2073    .bss.slider_foot_position  calculatethread.o
    0x20001b64        -       0x00000004   Zero   RW         2075    .bss.slider_foot_position_left  calculatethread.o
    0x20001b68        -       0x00000004   Zero   RW         2076    .bss.slider_foot_position_right  calculatethread.o
    0x20001b6c        -       0x00000048   Zero   RW         2040    .bss.slider_pid     calculatethread.o
    0x20001bb4        -       0x00000048   Zero   RW         2030    .bss.slider_speed   calculatethread.o
    0x20001bfc        -       0x00000004   Zero   RW         2074    .bss.sp             calculatethread.o
    0x20001c00        -       0x00000048   Zero   RW         2046    .bss.speed_folowing_pid  calculatethread.o
    0x20001c48        -       0x00000048   Zero   RW         2037    .bss.speed_pid_left  calculatethread.o
    0x20001c90        -       0x00000048   Zero   RW         2038    .bss.speed_pid_right  calculatethread.o
    0x20001cd8        -       0x00000048   Zero   RW         2045    .bss.speed_pitch_pid  calculatethread.o
    0x20001d20        -       0x00000048   Zero   RW         2043    .bss.speed_slider1_pid  calculatethread.o
    0x20001d68        -       0x00000048   Zero   RW         2044    .bss.speed_slider2_pid  calculatethread.o
    0x20001db0        -       0x00000006   Zero   RW         2420    .bss.student_interactive_data_t  refereebehaviour.o
    0x20001db6        -       0x00000004   Zero   RW         2408    .bss.supply_projectile_action_t  refereebehaviour.o
    0x20001dba        -       0x00000003   Zero   RW         2409    .bss.supply_projectile_booking_t  refereebehaviour.o
    0x20001dbd   COMPRESSED   0x00000003   PAD
    0x20001dc0        -       0x00000008   Zero   RW         1966    .bss.t0             interruptservice.o
    0x20001dc8        -       0x00000008   Zero   RW         1967    .bss.t1             interruptservice.o
    0x20001dd0        -       0x00000004   Zero   RW         1972    .bss.tmax           interruptservice.o
    0x20001dd4        -       0x00000010   Zero   RW         2051    .bss.turn_filter    calculatethread.o
    0x20001de4        -       0x00000004   Zero   RW         2052    .bss.turn_paramater  calculatethread.o
    0x20001de8        -       0x00000048   Zero   RW         2039    .bss.turn_pid       calculatethread.o
    0x20001e30        -       0x00000004   Zero   RW         2481    .bss.twoKi          mahonyahrs.o
    0x20001e34        -       0x00003c00   Zero   RW         1773    .bss.ucHeap         heap_4.o
    0x20005a34        -       0x00000001   Zero   RW         1807    .bss.ucMaxSysCallPriority  port.o
    0x20005a35   COMPRESSED   0x00000003   PAD
    0x20005a38        -       0x00000004   Zero   RW         1808    .bss.ulMaxPRIGROUPValue  port.o
    0x20005a3c        -       0x00000400   Zero   RW         2119    .bss.usart6_buf     refereethread.o
    0x20005e3c        -       0x00000004   Zero   RW          701    .bss.uwTick         stm32f4xx_hal.o
    0x20005e40        -       0x00000004   Zero   RW         1606    .bss.uxCurrentNumberOfTasks  tasks.o
    0x20005e44        -       0x00000004   Zero   RW         1605    .bss.uxDeletedTasksWaitingCleanUp  tasks.o
    0x20005e48        -       0x00000004   Zero   RW         1608    .bss.uxSchedulerSuspended  tasks.o
    0x20005e4c        -       0x00000004   Zero   RW         1603    .bss.uxTaskNumber   tasks.o
    0x20005e50        -       0x00000004   Zero   RW         1602    .bss.uxTopReadyPriority  tasks.o
    0x20005e54        -       0x00000004   Zero   RW         2027    .bss.wz_current     calculatethread.o
    0x20005e58        -       0x00000004   Zero   RW         2029    .bss.wz_current_left  calculatethread.o
    0x20005e5c        -       0x00000004   Zero   RW         2026    .bss.wz_current_right  calculatethread.o
    0x20005e60        -       0x00000004   Zero   RW         2071    .bss.wz_left        calculatethread.o
    0x20005e64        -       0x00000004   Zero   RW         2072    .bss.wz_right       calculatethread.o
    0x20005e68        -       0x0000000f   Zero   RW         2136    .bss.x1             uithread.o
    0x20005e77        -       0x0000000f   Zero   RW         2140    .bss.x11            uithread.o
    0x20005e86        -       0x0000000f   Zero   RW         2138    .bss.x13            uithread.o
    0x20005e95        -       0x0000000f   Zero   RW         2139    .bss.x14            uithread.o
    0x20005ea4        -       0x0000000f   Zero   RW         2137    .bss.x6             uithread.o
    0x20005eb3   COMPRESSED   0x00000001   PAD
    0x20005eb4        -       0x00000004   Zero   RW         1767    .bss.xBlockAllocatedBit  heap_4.o
    0x20005eb8        -       0x00000014   Zero   RW         1620    .bss.xDelayedTaskList1  tasks.o
    0x20005ecc        -       0x00000014   Zero   RW         1621    .bss.xDelayedTaskList2  tasks.o
    0x20005ee0        -       0x00000004   Zero   RW         1768    .bss.xFreeBytesRemaining  heap_4.o
    0x20005ee4        -       0x00000200   Zero   RW           38    .bss.xIdleStack     freertos.o
    0x200060e4        -       0x00000004   Zero   RW         1612    .bss.xIdleTaskHandle  tasks.o
    0x200060e8        -       0x00000054   Zero   RW           37    .bss.xIdleTaskTCBBuffer  freertos.o
    0x2000613c        -       0x00000004   Zero   RW         1770    .bss.xMinimumEverFreeBytesRemaining  heap_4.o
    0x20006140        -       0x00000004   Zero   RW         1613    .bss.xNextTaskUnblockTime  tasks.o
    0x20006144        -       0x00000004   Zero   RW         1619    .bss.xNumOfOverflows  tasks.o
    0x20006148        -       0x00000004   Zero   RW         1771    .bss.xNumberOfSuccessfulAllocations  heap_4.o
    0x2000614c        -       0x00000004   Zero   RW         1772    .bss.xNumberOfSuccessfulFrees  heap_4.o
    0x20006150        -       0x00000004   Zero   RW         1616    .bss.xPendedTicks   tasks.o
    0x20006154        -       0x00000014   Zero   RW         1610    .bss.xPendingReadyList  tasks.o
    0x20006168        -       0x00000004   Zero   RW         1607    .bss.xSchedulerRunning  tasks.o
    0x2000616c        -       0x00000008   Zero   RW         1769    .bss.xStart         heap_4.o
    0x20006174        -       0x00000014   Zero   RW         1609    .bss.xSuspendedTaskList  tasks.o
    0x20006188        -       0x00000014   Zero   RW         1604    .bss.xTasksWaitingTermination  tasks.o
    0x2000619c        -       0x00000004   Zero   RW         1614    .bss.xTickCount     tasks.o
    0x200061a0        -       0x00000004   Zero   RW         1615    .bss.xYieldPending  tasks.o
    0x200061a4        -       0x00000004   Zero   RW         2003    .bss.x_left         calculatethread.o
    0x200061a8        -       0x00000004   Zero   RW         2004    .bss.x_right        calculatethread.o
    0x200061ac   COMPRESSED   0x00000004   PAD
    0x200061b0        -       0x00002000   Zero   RW            2    HEAP                startup_stm32f407xx.o
    0x200081b0        -       0x00002000   Zero   RW            1    STACK               startup_stm32f407xx.o


    Execution Region RW_IRAM2 (Exec base: 0x2001c000, Load base: 0x080173f0, Size: 0x00000000, Max: 0x00004000, ABSOLUTE)

    **** No section assigned to this execution region ****


==============================================================================

Image component sizes


      Code (inc. data)   RO Data    RW Data    ZI Data      Debug   Object Name

      5946         32         12         21        175       6889   attitudethread.o
      3348         12         18         44          0       6113   bmi088driver.o
       196          0          0          0          0       2076   bmi088middleware.o
       122          0          0          0          0       3352   bsp_can.o
       214          0          0          0          5       1624   bsp_delay.o
        28          0          0          0          0        507   bsp_imu_pwm.o
     21968          0          0          0          0       5683   bsp_spi.o
       570          0          0          0          0       2354   bsp_usart.o
      5752        200          0        232       2030       8820   calculatethread.o
       538          0          0          0         84       6474   can.o
       218          0          0          0         39       6128   cansendthread.o
      2570          8        768          0          1       8126   client_ui.o
       270          0          0          0          0      16184   cmsis_os.o
       390          0        768          2          0       2189   crc8_crc16.o
       206          0          0          0          0       3342   dma.o
       652         16          0          0        140       3672   feet_motor.o
       438          0          0          0          0       9439   fifo.o
       362          0        179          0        616       2956   freertos.o
       560          0          0          0          0       4227   gpio.o
      1106          0          0          0      15392       4471   heap_4.o
      1146         32          0          4         64       4258   interruptservice.o
       298          0          0          0          0       2234   list.o
      3142         16          0          4         16       3904   mahonyahrs.o
       436          0          0          0          0       2768   main.o
       678          0          0          0          0       2752   pid.o
      1008         16          0          4          5       3862   port.o
      2530          0          0          0       1335       8631   refereebehaviour.o
       868          6          0          0       2211       3243   refereethread.o
       744          0          0          0        100       5209   remote.o
       482          0          0          0        280       5098   spi.o
        64         26        392          0      16384        844   startup_stm32f407xx.o
       166          0          0          5          4       7174   stm32f4xx_hal.o
      3146          0          0          0          0      11388   stm32f4xx_hal_can.o
       410          0          0          0          0       9483   stm32f4xx_hal_cortex.o
      1858          8          8          0          0       8502   stm32f4xx_hal_dma.o
      1072          0          0          0          0       5118   stm32f4xx_hal_gpio.o
        88          0          0          0          0       3363   stm32f4xx_hal_msp.o
      2746          0          0          0          0       7611   stm32f4xx_hal_rcc.o
      1646          0          0          0          0      19758   stm32f4xx_hal_spi.o
      4072         14          0          0          0      36005   stm32f4xx_hal_tim.o
       484          0          0          0          0      15347   stm32f4xx_hal_tim_ex.o
       250          0          0          0         72       7113   stm32f4xx_hal_timebase_tim.o
      2908          0          0          0          0      20227   stm32f4xx_hal_uart.o
       202          0          0          0          0       2128   stm32f4xx_it.o
        18          0         24          4          0       2536   system_stm32f4xx.o
      3060          0          5          0        300      20430   tasks.o
      2256          0          0          0        504      10546   tim.o
      4604          4        134          0        480       2935   uithread.o
      1178          0          0          0        684       7838   usart.o
       250          0          0          0          0       3474   user_lib.o

    ----------------------------------------------------------------------
     87496        390       2344        328      40968     348405   Object Totals
         0          0         32          0          0          0   (incl. Generated)
       232          0          4          8         47          0   (incl. Padding)

    ----------------------------------------------------------------------

      Code (inc. data)   RO Data    RW Data    ZI Data      Debug   Library Member Name

        58          0          0          0          0          0   __dczerorl.o
         8          0          0          0          0         68   __main.o
         0          0          0          0          0          0   __rtentry.o
        12          0          0          0          0          0   __rtentry2.o
         6          0          0          0          0          0   __rtentry4.o
        52          8          0          0          0          0   __scatter.o
        28          0          0          0          0          0   __scatter_zi.o
        22          0          0          0          0        100   _rserrno.o
        18          0          0          0          0         80   exit.o
         6          0          0          0          0        152   heapauxi.o
         0          0          0          0          0          0   indicate_semi.o
         2          0          0          0          0          0   libinit.o
         6          0          0          0          0          0   libinit2.o
         2          0          0          0          0          0   libshutdown.o
         2          0          0          0          0          0   libshutdown2.o
         8          4          0          0         96         68   libspace.o
       240          0          0          0          0        100   lludivv7m.o
         8          4          0          0          0         68   rt_errno_addr_intlibspace.o
        68          0          0          0          0         68   rt_memclr.o
        78          0          0          0          0         80   rt_memclr_w.o
       138          0          0          0          0         68   rt_memcpy_v6.o
       100          0          0          0          0         80   rt_memcpy_w.o
         2          0          0          0          0          0   rtexit.o
        10          0          0          0          0          0   rtexit2.o
        12          4          0          0          0         68   sys_exit.o
        74          0          0          0          0         80   sys_stackheap_outer.o
         2          0          0          0          0         68   use_no_semi.o
        98          4          0          0          0        140   d2f.o
       804         16          0          0          0        376   daddsub_clz.o
        84          0          0          0          0        244   dcmp.o
        24          0          0          0          0        116   dcmpi.o
       688        140          0          0          0        264   ddiv.o
       120          4          0          0          0        140   deqf.o
        46          0          0          0          0        116   dflt_clz.o
       120          4          0          0          0        140   dgeqf.o
       120          4          0          0          0        140   dleqf.o
       156          4          0          0          0        140   dnaninf.o
        12          0          0          0          0        116   dretinf.o
       408         56          0          0          0        168   dsqrt_umaal.o
        86          4          0          0          0        132   f2d.o
       140          4          0          0          0        132   fnaninf.o
        26          0          0          0          0        116   fpinit.o
        10          0          0          0          0        116   fretinf.o
         0          0          0          0          0          0   usenofp.o
       300         42          0          0          0        176   asinf.o
       684         90          0          0          0        208   atan2f.o
        38          0          0          0          0        116   fpclassifyf.o
        44         12          0          0          0        464   funder.o
       122          0          0          0          0        148   sqrt.o
        62          0          0          0          0        136   sqrtf.o

    ----------------------------------------------------------------------
      5172        404          0          0         96       4992   Library Totals
        18          0          0          0          0          0   (incl. Padding)

    ----------------------------------------------------------------------

      Code (inc. data)   RO Data    RW Data    ZI Data      Debug   Library Name

       962         20          0          0         96       1148   c_w.l
      2942        240          0          0          0       2596   fz_wm.l
      1250        144          0          0          0       1248   m_wm.l

    ----------------------------------------------------------------------
      5172        404          0          0         96       4992   Library Totals

    ----------------------------------------------------------------------

==============================================================================


      Code (inc. data)   RO Data    RW Data    ZI Data      Debug   

     92668        794       2344        328      41064     349709   Grand Totals
     92668        794       2344        200      41064     349709   ELF Image Totals (compressed)
     92668        794       2344        200          0          0   ROM Totals

==============================================================================

    Total RO  Size (Code + RO Data)                95012 (  92.79kB)
    Total RW  Size (RW Data + ZI Data)             41392 (  40.42kB)
    Total ROM Size (Code + RO Data + RW Data)      95212 (  92.98kB)

==============================================================================

